Component: ARM Compiler 5.05 update 1 (build 106) Tool: armlink [4d0efa]

==============================================================================

Section Cross References

    startup_stm32f103xb.o(STACK) refers (Special) to heapauxi.o(.text) for __use_two_region_memory
    startup_stm32f103xb.o(HEAP) refers (Special) to heapauxi.o(.text) for __use_two_region_memory
    startup_stm32f103xb.o(RESET) refers (Special) to heapauxi.o(.text) for __use_two_region_memory
    startup_stm32f103xb.o(RESET) refers to startup_stm32f103xb.o(STACK) for __initial_sp
    startup_stm32f103xb.o(RESET) refers to startup_stm32f103xb.o(.text) for Reset_Handler
    startup_stm32f103xb.o(RESET) refers to stm32f1xx_it.o(i.NMI_Handler) for NMI_Handler
    startup_stm32f103xb.o(RESET) refers to stm32f1xx_it.o(i.HardFault_Handler) for HardFault_Handler
    startup_stm32f103xb.o(RESET) refers to stm32f1xx_it.o(i.MemManage_Handler) for MemManage_Handler
    startup_stm32f103xb.o(RESET) refers to stm32f1xx_it.o(i.BusFault_Handler) for BusFault_Handler
    startup_stm32f103xb.o(RESET) refers to stm32f1xx_it.o(i.UsageFault_Handler) for UsageFault_Handler
    startup_stm32f103xb.o(RESET) refers to stm32f1xx_it.o(i.SVC_Handler) for SVC_Handler
    startup_stm32f103xb.o(RESET) refers to stm32f1xx_it.o(i.DebugMon_Handler) for DebugMon_Handler
    startup_stm32f103xb.o(RESET) refers to stm32f1xx_it.o(i.PendSV_Handler) for PendSV_Handler
    startup_stm32f103xb.o(RESET) refers to stm32f1xx_it.o(i.SysTick_Handler) for SysTick_Handler
    startup_stm32f103xb.o(RESET) refers to gtim.o(i.TIM2_IRQHandler) for TIM2_IRQHandler
    startup_stm32f103xb.o(RESET) refers to usart.o(i.USART1_IRQHandler) for USART1_IRQHandler
    startup_stm32f103xb.o(.text) refers (Special) to heapauxi.o(.text) for __use_two_region_memory
    startup_stm32f103xb.o(.text) refers to __main.o(!!!main) for __main
    startup_stm32f103xb.o(.text) refers to startup_stm32f103xb.o(HEAP) for Heap_Mem
    startup_stm32f103xb.o(.text) refers to startup_stm32f103xb.o(STACK) for Stack_Mem
    main.o(i.main) refers to stm32f1xx_hal.o(i.HAL_Init) for HAL_Init
    main.o(i.main) refers to sys.o(i.sys_stm32_clock_init) for sys_stm32_clock_init
    main.o(i.main) refers to stmflash.o(i.stmflash_read) for stmflash_read
    main.o(i.main) refers to trigger.o(i.Trigger_init) for Trigger_init
    main.o(i.main) refers to delay.o(i.delay_init) for delay_init
    main.o(i.main) refers to usart.o(i.usart_init) for usart_init
    main.o(i.main) refers to led.o(i.led_init) for led_init
    main.o(i.main) refers to delay.o(i.delay_ms) for delay_ms
    main.o(i.main) refers to stm32f1xx_hal_gpio.o(i.HAL_GPIO_WritePin) for HAL_GPIO_WritePin
    main.o(i.main) refers to atk_mw8266d.o(i.atk_mw8266d_hw_init) for atk_mw8266d_hw_init
    main.o(i.main) refers to atk_mw8266d.o(i.atk_mw8266d_hw_reset) for atk_mw8266d_hw_reset
    main.o(i.main) refers to atk_mw8266d.o(i.connect_atkcld) for connect_atkcld
    main.o(i.main) refers to gtim.o(i.gtim_timx_init) for gtim_timx_init
    main.o(i.main) refers to iwdg.o(i.iwdg_init) for iwdg_init
    main.o(i.main) refers to atk_mw8266d.o(i.atk_mw8266d_check_act) for atk_mw8266d_check_act
    main.o(i.main) refers to stm32f1xx_hal_gpio.o(i.HAL_GPIO_ReadPin) for HAL_GPIO_ReadPin
    main.o(i.main) refers to stm32f1xx_hal_gpio.o(i.HAL_GPIO_TogglePin) for HAL_GPIO_TogglePin
    main.o(i.main) refers to atk_mw8266d_uart.o(i.atk_mw8266d_uart_printf) for atk_mw8266d_uart_printf
    main.o(i.main) refers to main.o(.data) for Trigger_data
    main.o(i.main) refers to usart.o(.data) for g_usart_rx_sta
    main.o(i.main) refers to stmflash.o(i.stmflash_write) for stmflash_write
    main.o(i.main) refers to iwdg.o(i.iwdg_feed) for iwdg_feed
    stm32f1xx_it.o(i.SysTick_Handler) refers to stm32f1xx_hal.o(i.HAL_IncTick) for HAL_IncTick
    system_stm32f1xx.o(i.SystemCoreClockUpdate) refers to system_stm32f1xx.o(.data) for SystemCoreClock
    system_stm32f1xx.o(i.SystemCoreClockUpdate) refers to system_stm32f1xx.o(.constdata) for AHBPrescTable
    stm32f1xx_hal.o(i.HAL_DeInit) refers to stm32f1xx_hal.o(i.HAL_MspDeInit) for HAL_MspDeInit
    stm32f1xx_hal.o(i.HAL_Delay) refers to stm32f1xx_hal.o(i.HAL_GetTick) for HAL_GetTick
    stm32f1xx_hal.o(i.HAL_Delay) refers to stm32f1xx_hal.o(.data) for uwTickFreq
    stm32f1xx_hal.o(i.HAL_GetTick) refers to stm32f1xx_hal.o(.data) for uwTick
    stm32f1xx_hal.o(i.HAL_GetTickFreq) refers to stm32f1xx_hal.o(.data) for uwTickFreq
    stm32f1xx_hal.o(i.HAL_GetTickPrio) refers to stm32f1xx_hal.o(.data) for uwTickPrio
    stm32f1xx_hal.o(i.HAL_IncTick) refers to stm32f1xx_hal.o(.data) for uwTick
    stm32f1xx_hal.o(i.HAL_Init) refers to stm32f1xx_hal_cortex.o(i.HAL_NVIC_SetPriorityGrouping) for HAL_NVIC_SetPriorityGrouping
    stm32f1xx_hal.o(i.HAL_Init) refers to stm32f1xx_hal.o(i.HAL_InitTick) for HAL_InitTick
    stm32f1xx_hal.o(i.HAL_Init) refers to stm32f1xx_hal.o(i.HAL_MspInit) for HAL_MspInit
[...]
    .ARM.Collect$$libshutdown$$00000006      0x08000212   Section        0  libshutdown2.o(.ARM.Collect$$libshutdown$$00000006)
    .ARM.Collect$$libshutdown$$00000009      0x08000212   Section        0  libshutdown2.o(.ARM.Collect$$libshutdown$$00000009)
    .ARM.Collect$$libshutdown$$0000000B      0x08000212   Section        0  libshutdown2.o(.ARM.Collect$$libshutdown$$0000000B)
    .ARM.Collect$$libshutdown$$0000000E      0x08000212   Section        0  libshutdown2.o(.ARM.Collect$$libshutdown$$0000000E)
    .ARM.Collect$$libshutdown$$0000000F      0x08000212   Section        2  libshutdown2.o(.ARM.Collect$$libshutdown$$0000000F)
    .ARM.Collect$$rtentry$$00000000          0x08000214   Section        0  __rtentry.o(.ARM.Collect$$rtentry$$00000000)
    .ARM.Collect$$rtentry$$00000002          0x08000214   Section        0  __rtentry2.o(.ARM.Collect$$rtentry$$00000002)
    .ARM.Collect$$rtentry$$00000004          0x08000214   Section        6  __rtentry4.o(.ARM.Collect$$rtentry$$00000004)
    .ARM.Collect$$rtentry$$00000009          0x0800021a   Section        0  __rtentry2.o(.ARM.Collect$$rtentry$$00000009)
    .ARM.Collect$$rtentry$$0000000A          0x0800021a   Section        4  __rtentry2.o(.ARM.Collect$$rtentry$$0000000A)
    .ARM.Collect$$rtentry$$0000000C          0x0800021e   Section        0  __rtentry2.o(.ARM.Collect$$rtentry$$0000000C)
    .ARM.Collect$$rtentry$$0000000D          0x0800021e   Section        8  __rtentry2.o(.ARM.Collect$$rtentry$$0000000D)
    .ARM.Collect$$rtexit$$00000000           0x08000226   Section        2  rtexit.o(.ARM.Collect$$rtexit$$00000000)
    .ARM.Collect$$rtexit$$00000002           0x08000228   Section        0  rtexit2.o(.ARM.Collect$$rtexit$$00000002)
    .ARM.Collect$$rtexit$$00000003           0x08000228   Section        4  rtexit2.o(.ARM.Collect$$rtexit$$00000003)
    .ARM.Collect$$rtexit$$00000004           0x0800022c   Section        6  rtexit2.o(.ARM.Collect$$rtexit$$00000004)
    .text                                    0x08000234   Section       52  startup_stm32f103xb.o(.text)
    .text                                    0x08000268   Section        2  use_no_semi_2.o(.text)
    .text                                    0x0800026a   Section       38  llushr.o(.text)
    .text                                    0x08000290   Section        0  vsprintf.o(.text)
    .text                                    0x080002b4   Section        0  __2sprintf.o(.text)
    .text                                    0x080002e0   Section        0  _printf_str.o(.text)
    .text                                    0x08000334   Section        0  __printf_flags_ss_wp.o(.text)
    .text                                    0x080004bc   Section        0  strstr.o(.text)
    .text                                    0x080004e0   Section        0  strlen.o(.text)
    .text                                    0x0800051e   Section       78  rt_memclr_w.o(.text)
    .text                                    0x0800056c   Section        0  heapauxi.o(.text)
    .text                                    0x08000572   Section        2  use_no_semi.o(.text)
    .text                                    0x08000574   Section        0  _printf_pad.o(.text)
    .text                                    0x080005c2   Section        0  _printf_truncate.o(.text)
    .text                                    0x080005e8   Section        0  _printf_dec.o(.text)
    .text                                    0x08000660   Section        0  _printf_charcount.o(.text)
    .text                                    0x08000688   Section        0  _printf_char_common.o(.text)
    _printf_input_char                       0x08000689   Thumb Code    10  _printf_char_common.o(.text)
    .text                                    0x080006b8   Section        0  _sputc.o(.text)
    .text                                    0x080006c2   Section        0  _printf_char.o(.text)
    .text                                    0x080006f0   Section        0  _printf_wctomb.o(.text)
    .text                                    0x080007ac   Section        0  _printf_longlong_dec.o(.text)
    .text                                    0x08000828   Section        0  _printf_oct_int_ll.o(.text)
    _printf_longlong_oct_internal            0x08000829   Thumb Code     0  _printf_oct_int_ll.o(.text)
    .text                                    0x08000898   Section        0  _printf_hex_int_ll_ptr.o(.text)
    _printf_hex_common                       0x08000899   Thumb Code     0  _printf_hex_int_ll_ptr.o(.text)
    .text                                    0x0800092c   Section      138  lludiv10.o(.text)
    .text                                    0x080009b6   Section        0  _printf_intcommon.o(.text)
    .text                                    0x08000a68   Section        0  _printf_fp_dec.o(.text)
    _fp_digits                               0x08000a6b   Thumb Code   428  _printf_fp_dec.o(.text)
    .text                                    0x08000e84   Section        0  _printf_fp_hex.o(.text)
    .text                                    0x08001180   Section        0  _printf_wchar.o(.text)
    .text                                    0x080011ac   Section        0  _wcrtomb.o(.text)
    .text                                    0x080011ec   Section       74  sys_stackheap_outer.o(.text)
    .text                                    0x08001238   Section       16  rt_ctype_table.o(.text)
    .text                                    0x08001248   Section        8  rt_locale_intlibspace.o(.text)
    .text                                    0x08001250   Section        0  _printf_fp_infnan.o(.text)
    .text                                    0x080012d0   Section        0  bigflt0.o(.text)
    .text                                    0x080013ac   Section        0  exit.o(.text)
    .text                                    0x080013b8   Section        8  libspace.o(.text)
    .text                                    0x080013c0   Section      128  strcmpv7m.o(.text)
    CL$$btod_d2e                             0x08001440   Section       62  btod.o(CL$$btod_d2e)
    CL$$btod_d2e_denorm_low                  0x0800147e   Section       70  btod.o(CL$$btod_d2e_denorm_low)
    CL$$btod_d2e_norm_op1                    0x080014c4   Section       96  btod.o(CL$$btod_d2e_norm_op1)
    CL$$btod_div_common                      0x08001524   Section      824  btod.o(CL$$btod_div_common)
    CL$$btod_e2e                             0x0800185c   Section      198  btod.o(CL$$btod_e2e)
    CL$$btod_ediv                            0x08001922   Section       40  btod.o(CL$$btod_ediv)
    CL$$btod_emul                            0x0800194a   Section       40  btod.o(CL$$btod_emul)
    CL$$btod_mult_common                     0x08001972   Section      580  btod.o(CL$$btod_mult_common)
    i.BusFault_Handler                       0x08001bb6   Section        0  stm32f1xx_it.o(i.BusFault_Handler)
    i.DebugMon_Handler                       0x08001bba   Section        0  stm32f1xx_it.o(i.DebugMon_Handler)
    i.FLASH_MassErase                        0x08001bbc   Section        0  stm32f1xx_hal_flash_ex.o(i.FLASH_MassErase)
    FLASH_MassErase                          0x08001bbd   Thumb Code    30  stm32f1xx_hal_flash_ex.o(i.FLASH_MassErase)
    i.FLASH_PageErase                        0x08001be4   Section        0  stm32f1xx_hal_flash_ex.o(i.FLASH_PageErase)
    i.FLASH_Program_HalfWord                 0x08001c0c   Section        0  stm32f1xx_hal_flash.o(i.FLASH_Program_HalfWord)
    FLASH_Program_HalfWord                   0x08001c0d   Thumb Code    22  stm32f1xx_hal_flash.o(i.FLASH_Program_HalfWord)
    i.FLASH_SetErrorCode                     0x08001c2c   Section        0  stm32f1xx_hal_flash.o(i.FLASH_SetErrorCode)
    FLASH_SetErrorCode                       0x08001c2d   Thumb Code   124  stm32f1xx_hal_flash.o(i.FLASH_SetErrorCode)
    i.FLASH_WaitForLastOperation             0x08001cb0   Section        0  stm32f1xx_hal_flash.o(i.FLASH_WaitForLastOperation)
    i.HAL_DMA_Abort_IT                       0x08001d20   Section        0  stm32f1xx_hal_dma.o(i.HAL_DMA_Abort_IT)
    i.HAL_FLASHEx_Erase                      0x08001ec8   Section        0  stm32f1xx_hal_flash_ex.o(i.HAL_FLASHEx_Erase)
    i.HAL_FLASH_Lock                         0x08001f78   Section        0  stm32f1xx_hal_flash.o(i.HAL_FLASH_Lock)
    i.HAL_FLASH_Program                      0x08001f8c   Section        0  stm32f1xx_hal_flash.o(i.HAL_FLASH_Program)
    i.HAL_FLASH_Unlock                       0x0800203c   Section        0  stm32f1xx_hal_flash.o(i.HAL_FLASH_Unlock)
    i.HAL_GPIO_Init                          0x0800206c   Section        0  stm32f1xx_hal_gpio.o(i.HAL_GPIO_Init)
    i.HAL_GPIO_ReadPin                       0x080023ac   Section        0  stm32f1xx_hal_gpio.o(i.HAL_GPIO_ReadPin)
    i.HAL_GPIO_TogglePin                     0x080023bc   Section        0  stm32f1xx_hal_gpio.o(i.HAL_GPIO_TogglePin)
    i.HAL_GPIO_WritePin                      0x080023d0   Section        0  stm32f1xx_hal_gpio.o(i.HAL_GPIO_WritePin)
    i.HAL_GetTick                            0x080023dc   Section        0  stm32f1xx_hal.o(i.HAL_GetTick)
    i.HAL_IWDG_Init                          0x080023e8   Section        0  stm32f1xx_hal_iwdg.o(i.HAL_IWDG_Init)
    i.HAL_IWDG_Refresh                       0x08002438   Section        0  stm32f1xx_hal_iwdg.o(i.HAL_IWDG_Refresh)
    i.HAL_IncTick                            0x08002448   Section        0  stm32f1xx_hal.o(i.HAL_IncTick)
    i.HAL_Init                               0x08002460   Section        0  stm32f1xx_hal.o(i.HAL_Init)
    i.HAL_InitTick                           0x08002488   Section        0  stm32f1xx_hal.o(i.HAL_InitTick)
    i.HAL_MspInit                            0x080024d4   Section        0  stm32f1xx_hal.o(i.HAL_MspInit)
    i.HAL_NVIC_EnableIRQ                     0x080024d6   Section        0  stm32f1xx_hal_cortex.o(i.HAL_NVIC_EnableIRQ)
    i.HAL_NVIC_SetPriority                   0x080024f6   Section        0  stm32f1xx_hal_cortex.o(i.HAL_NVIC_SetPriority)
    i.HAL_NVIC_SetPriorityGrouping           0x08002574   Section        0  stm32f1xx_hal_cortex.o(i.HAL_NVIC_SetPriorityGrouping)
    i.HAL_RCC_ClockConfig                    0x0800259c   Section        0  stm32f1xx_hal_rcc.o(i.HAL_RCC_ClockConfig)
    i.HAL_RCC_GetHCLKFreq                    0x08002728   Section        0  stm32f1xx_hal_rcc.o(i.HAL_RCC_GetHCLKFreq)
    i.HAL_RCC_GetPCLK1Freq                   0x08002734   Section        0  stm32f1xx_hal_rcc.o(i.HAL_RCC_GetPCLK1Freq)
    i.HAL_RCC_GetPCLK2Freq                   0x08002754   Section        0  stm32f1xx_hal_rcc.o(i.HAL_RCC_GetPCLK2Freq)
    i.HAL_RCC_GetSysClockFreq                0x08002774   Section        0  stm32f1xx_hal_rcc.o(i.HAL_RCC_GetSysClockFreq)
    i.HAL_RCC_OscConfig                      0x08002808   Section        0  stm32f1xx_hal_rcc.o(i.HAL_RCC_OscConfig)
    i.HAL_SYSTICK_Config                     0x08002c6c   Section        0  stm32f1xx_hal_cortex.o(i.HAL_SYSTICK_Config)
    i.HAL_TIM_Base_Init                      0x08002ca0   Section        0  stm32f1xx_hal_tim.o(i.HAL_TIM_Base_Init)
    i.HAL_TIM_Base_MspInit                   0x08002d06   Section        0  stm32f1xx_hal_tim.o(i.HAL_TIM_Base_MspInit)
    i.HAL_TIM_Base_Start_IT                  0x08002d08   Section        0  stm32f1xx_hal_tim.o(i.HAL_TIM_Base_Start_IT)
    i.HAL_UART_ErrorCallback                 0x08002d98   Section        0  stm32f1xx_hal_uart.o(i.HAL_UART_ErrorCallback)
    i.HAL_UART_IRQHandler                    0x08002d9c   Section        0  stm32f1xx_hal_uart.o(i.HAL_UART_IRQHandler)
    i.HAL_UART_Init                          0x08002ef0   Section        0  stm32f1xx_hal_uart.o(i.HAL_UART_Init)
    i.HAL_UART_MspInit                       0x08002f64   Section        0  usart.o(i.HAL_UART_MspInit)
    i.HAL_UART_Receive_IT                    0x08003018   Section        0  stm32f1xx_hal_uart.o(i.HAL_UART_Receive_IT)
    i.HAL_UART_RxCpltCallback                0x08003088   Section        0  usart.o(i.HAL_UART_RxCpltCallback)
    i.HAL_UART_Transmit                      0x08003110   Section        0  stm32f1xx_hal_uart.o(i.HAL_UART_Transmit)
    i.HAL_UART_TxCpltCallback                0x080031e2   Section        0  stm32f1xx_hal_uart.o(i.HAL_UART_TxCpltCallback)
    i.HardFault_Handler                      0x080031e4   Section        0  stm32f1xx_it.o(i.HardFault_Handler)
    i.MemManage_Handler                      0x080031e8   Section        0  stm32f1xx_it.o(i.MemManage_Handler)
    i.NMI_Handler                            0x080031ec   Section        0  stm32f1xx_it.o(i.NMI_Handler)
    i.PendSV_Handler                         0x080031ee   Section        0  stm32f1xx_it.o(i.PendSV_Handler)
    i.RCC_Delay                              0x080031f0   Section        0  stm32f1xx_hal_rcc.o(i.RCC_Delay)
    RCC_Delay                                0x080031f1   Thumb Code    36  stm32f1xx_hal_rcc.o(i.RCC_Delay)
    i.SVC_Handler                            0x08003218   Section        0  stm32f1xx_it.o(i.SVC_Handler)
    i.SysTick_Handler                        0x0800321a   Section        0  stm32f1xx_it.o(i.SysTick_Handler)
    i.TIM2_IRQHandler                        0x08003224   Section        0  gtim.o(i.TIM2_IRQHandler)
    i.TIM_Base_SetConfig                     0x080032c0   Section        0  stm32f1xx_hal_tim.o(i.TIM_Base_SetConfig)
    i.Trigger_init                           0x0800335c   Section        0  trigger.o(i.Trigger_init)
    i.UART_DMAAbortOnError                   0x080034a4   Section        0  stm32f1xx_hal_uart.o(i.UART_DMAAbortOnError)
    UART_DMAAbortOnError                     0x080034a5   Thumb Code    20  stm32f1xx_hal_uart.o(i.UART_DMAAbortOnError)
    i.UART_EndRxTransfer                     0x080034b8   Section        0  stm32f1xx_hal_uart.o(i.UART_EndRxTransfer)
    UART_EndRxTransfer                       0x080034b9   Thumb Code    32  stm32f1xx_hal_uart.o(i.UART_EndRxTransfer)
    i.UART_EndTransmit_IT                    0x080034d8   Section        0  stm32f1xx_hal_uart.o(i.UART_EndTransmit_IT)
    UART_EndTransmit_IT                      0x080034d9   Thumb Code    32  stm32f1xx_hal_uart.o(i.UART_EndTransmit_IT)
    i.UART_Receive_IT                        0x080034f8   Section        0  stm32f1xx_hal_uart.o(i.UART_Receive_IT)
    UART_Receive_IT                          0x080034f9   Thumb Code   160  stm32f1xx_hal_uart.o(i.UART_Receive_IT)
    i.UART_SetConfig                         0x08003598   Section        0  stm32f1xx_hal_uart.o(i.UART_SetConfig)
    UART_SetConfig                           0x08003599   Thumb Code   248  stm32f1xx_hal_uart.o(i.UART_SetConfig)
    i.UART_Transmit_IT                       0x08003694   Section        0  stm32f1xx_hal_uart.o(i.UART_Transmit_IT)
    UART_Transmit_IT                         0x08003695   Thumb Code    96  stm32f1xx_hal_uart.o(i.UART_Transmit_IT)
    i.UART_WaitOnFlagUntilTimeout            0x080036f4   Section        0  stm32f1xx_hal_uart.o(i.UART_WaitOnFlagUntilTimeout)
    UART_WaitOnFlagUntilTimeout              0x080036f5   Thumb Code   108  stm32f1xx_hal_uart.o(i.UART_WaitOnFlagUntilTimeout)
    i.USART1_IRQHandler                      0x08003760   Section        0  usart.o(i.USART1_IRQHandler)
    i.UsageFault_Handler                     0x08003784   Section        0  stm32f1xx_it.o(i.UsageFault_Handler)
    i.__ARM_fpclassify                       0x08003788   Section        0  fpclassify.o(i.__ARM_fpclassify)
    i.__NVIC_GetPriorityGrouping             0x080037b0   Section        0  stm32f1xx_hal_cortex.o(i.__NVIC_GetPriorityGrouping)
    __NVIC_GetPriorityGrouping               0x080037b1   Thumb Code    10  stm32f1xx_hal_cortex.o(i.__NVIC_GetPriorityGrouping)
    i.__NVIC_SetPriority                     0x080037c0   Section        0  stm32f1xx_hal_cortex.o(i.__NVIC_SetPriority)
    __NVIC_SetPriority                       0x080037c1   Thumb Code    32  stm32f1xx_hal_cortex.o(i.__NVIC_SetPriority)
    i._is_digit                              0x080037e8   Section        0  __printf_wp.o(i._is_digit)
    i._sys_exit                              0x080037f6   Section        0  usart.o(i._sys_exit)
    i.atk_mw8266d_check_act                  0x080037fa   Section        0  atk_mw8266d.o(i.atk_mw8266d_check_act)
    i.atk_mw8266d_connect_atkcld             0x08003818   Section        0  atk_mw8266d.o(i.atk_mw8266d_connect_atkcld)
    i.atk_mw8266d_disconnect_atkcld          0x08003870   Section        0  atk_mw8266d.o(i.atk_mw8266d_disconnect_atkcld)
    i.atk_mw8266d_hw_init                    0x080038a0   Section        0  atk_mw8266d.o(i.atk_mw8266d_hw_init)
    i.atk_mw8266d_hw_reset                   0x080038e8   Section        0  atk_mw8266d.o(i.atk_mw8266d_hw_reset)
    i.atk_mw8266d_send_at_cmd                0x0800391c   Section        0  atk_mw8266d.o(i.atk_mw8266d_send_at_cmd)
    i.atk_mw8266d_uart_printf                0x08003974   Section        0  atk_mw8266d_uart.o(i.atk_mw8266d_uart_printf)
    i.atk_mw8266d_uart_rx_get_frame          0x080039c0   Section        0  atk_mw8266d_uart.o(i.atk_mw8266d_uart_rx_get_frame)
    i.atk_mw8266d_uart_rx_restart            0x080039e8   Section        0  atk_mw8266d_uart.o(i.atk_mw8266d_uart_rx_restart)
    i.connect_atkcld                         0x080039f4   Section        0  atk_mw8266d.o(i.connect_atkcld)
    i.delay_init                             0x08003aa8   Section        0  delay.o(i.delay_init)
    i.delay_ms                               0x08003ab4   Section        0  delay.o(i.delay_ms)
    i.delay_us                               0x08003ac8   Section        0  delay.o(i.delay_us)
    i.gtim_timx_init                         0x08003b10   Section        0  gtim.o(i.gtim_timx_init)
    i.iwdg_feed                              0x08003b6c   Section        0  iwdg.o(i.iwdg_feed)
    i.iwdg_init                              0x08003b7c   Section        0  iwdg.o(i.iwdg_init)
    i.led_init                               0x08003b9c   Section        0  led.o(i.led_init)
    i.main                                   0x08003c2c   Section        0  main.o(i.main)
    i.stmflash_read                          0x08004684   Section        0  stmflash.o(i.stmflash_read)
    i.stmflash_read_halfword                 0x080046a6   Section        0  stmflash.o(i.stmflash_read_halfword)
    i.stmflash_write                         0x080046ac   Section        0  stmflash.o(i.stmflash_write)
    i.stmflash_write_nocheck                 0x080047a4   Section        0  stmflash.o(i.stmflash_write_nocheck)
    i.sys_stm32_clock_init                   0x080047d0   Section        0  sys.o(i.sys_stm32_clock_init)
    i.usart_init                             0x08004838   Section        0  usart.o(i.usart_init)
    locale$$code                             0x08004870   Section       44  lc_numeric_c.o(locale$$code)
    locale$$code                             0x0800489c   Section       44  lc_ctype_c.o(locale$$code)
    x$fpl$printf1                            0x080048c8   Section        4  printf1.o(x$fpl$printf1)
    x$fpl$printf2                            0x080048cc   Section        4  printf2.o(x$fpl$printf2)
    .constdata                               0x080048d0   Section       24  system_stm32f1xx.o(.constdata)
    x$fpl$usenofp                            0x080048d0   Section        0  usenofp.o(x$fpl$usenofp)
    .constdata                               0x080048e8   Section       17  __printf_flags_ss_wp.o(.constdata)
    maptable                                 0x080048e8   Data          17  __printf_flags_ss_wp.o(.constdata)
    .constdata                               0x080048fc   Section        8  _printf_wctomb.o(.constdata)
    initial_mbstate                          0x080048fc   Data           8  _printf_wctomb.o(.constdata)
    .constdata                               0x08004904   Section       40  _printf_hex_int_ll_ptr.o(.constdata)
    uc_hextab                                0x08004904   Data          20  _printf_hex_int_ll_ptr.o(.constdata)
    lc_hextab                                0x08004918   Data          20  _printf_hex_int_ll_ptr.o(.constdata)
    .constdata                               0x0800492c   Section       38  _printf_fp_hex.o(.constdata)
    lc_hextab                                0x0800492c   Data          19  _printf_fp_hex.o(.constdata)
    uc_hextab                                0x0800493f   Data          19  _printf_fp_hex.o(.constdata)
    .constdata                               0x08004954   Section      148  bigflt0.o(.constdata)
    tenpwrs_x                                0x08004954   Data          60  bigflt0.o(.constdata)
    tenpwrs_i                                0x08004990   Data          64  bigflt0.o(.constdata)
    locale$$data                             0x08004a08   Section       28  lc_numeric_c.o(locale$$data)
    __lcnum_c_name                           0x08004a0c   Data           2  lc_numeric_c.o(locale$$data)
    __lcnum_c_start                          0x08004a14   Data           0  lc_numeric_c.o(locale$$data)
    __lcnum_c_point                          0x08004a20   Data           0  lc_numeric_c.o(locale$$data)
    __lcnum_c_thousands                      0x08004a22   Data           0  lc_numeric_c.o(locale$$data)
    __lcnum_c_grouping                       0x08004a23   Data           0  lc_numeric_c.o(locale$$data)
    locale$$data                             0x08004a24   Section      272  lc_ctype_c.o(locale$$data)
    __lcnum_c_end                            0x08004a24   Data           0  lc_numeric_c.o(locale$$data)
    __lcctype_c_name                         0x08004a28   Data           2  lc_ctype_c.o(locale$$data)
    __lcctype_c_start                        0x08004a30   Data           0  lc_ctype_c.o(locale$$data)
    __lcctype_c_end                          0x08004b34   Data           0  lc_ctype_c.o(locale$$data)
    .data                                    0x20000000   Section       10  main.o(.data)
    .data                                    0x2000000c   Section        4  system_stm32f1xx.o(.data)
    .data                                    0x20000010   Section        9  stm32f1xx_hal.o(.data)
    .data                                    0x2000001c   Section        4  delay.o(.data)
    g_fac_us                                 0x2000001c   Data           4  delay.o(.data)
    .data                                    0x20000020   Section        7  usart.o(.data)
    .bss                                     0x20000028   Section       32  stm32f1xx_hal_flash.o(.bss)
    .bss                                     0x20000048   Section      264  usart.o(.bss)
    .bss                                     0x20000150   Section       12  iwdg.o(.bss)
    .bss                                     0x2000015c   Section       72  gtim.o(.bss)
    .bss                                     0x200001a4   Section       64  atk_mw8266d_uart.o(.bss)
    g_uart_tx_buf                            0x200001a4   Data          64  atk_mw8266d_uart.o(.bss)
    .bss                                     0x200001e4   Section     1024  stmflash.o(.bss)
    .bss                                     0x200005e4   Section       96  libspace.o(.bss)
    HEAP                                     0x20000648   Section        0  startup_stm32f103xb.o(HEAP)
    STACK                                    0x20000648   Section     1024  startup_stm32f103xb.o(STACK)
    Heap_Mem                                 0x20000648   Data           0  startup_stm32f103xb.o(HEAP)
    Stack_Mem                                0x20000648   Data        1024  startup_stm32f103xb.o(STACK)
    __initial_sp                             0x20000a48   Data           0  startup_stm32f103xb.o(STACK)

    Global Symbols

    Symbol Name                              Value     Ov Type        Size  Object(Section)

    BuildAttributes$$THM_ISAv4$P$D$K$B$S$PE$A:L22UL41UL21$X:L11$S22US41US21$IEEE1$IW$USESV6$~STKCKD$USESV7$~SHL$OTIME$ROPI$IEEEJ$EBA8$UX$STANDARDLIB$REQ8$PRES8$EABIv2 0x00000000   Number         0  anon$$obj.o ABSOLUTE
    __ARM_use_no_argv                        0x00000000   Number         0  main.o ABSOLUTE
    _printf_flags                            0x00000000   Number         0  printf_stubs.o ABSOLUTE
    _printf_return_value                     0x00000000   Number         0  printf_stubs.o ABSOLUTE
    _printf_sizespec                         0x00000000   Number         0  printf_stubs.o ABSOLUTE
    _printf_widthprec                        0x00000000   Number         0  printf_stubs.o ABSOLUTE
    __ARM_exceptions_init                     - Undefined Weak Reference
    __alloca_initialize                       - Undefined Weak Reference
    __arm_preinit_                            - Undefined Weak Reference
    __cpp_initialize__aeabi_                  - Undefined Weak Reference
    __cxa_finalize                            - Undefined Weak Reference
    __sigvec_lookup                           - Undefined Weak Reference
    _atexit_init                              - Undefined Weak Reference
    _call_atexit_fns                          - Undefined Weak Reference
    _clock_init                               - Undefined Weak Reference
    _fp_trap_init                             - Undefined Weak Reference
    _fp_trap_shutdown                         - Undefined Weak Reference
    _get_lc_collate                           - Undefined Weak Reference
    _get_lc_monetary                          - Undefined Weak Reference
    _get_lc_time                              - Undefined Weak Reference
    _getenv_init                              - Undefined Weak Reference
    _handle_redirection                       - Undefined Weak Reference
    _init_alloc                               - Undefined Weak Reference
    _init_user_alloc                          - Undefined Weak Reference
    _initio                                   - Undefined Weak Reference
    _printf_mbtowc                            - Undefined Weak Reference
    _printf_wc                                - Undefined Weak Reference
    _rand_init                                - Undefined Weak Reference
    _signal_finish                            - Undefined Weak Reference
    _signal_init                              - Undefined Weak Reference
    _terminate_alloc                          - Undefined Weak Reference
    _terminate_user_alloc                     - Undefined Weak Reference
    _terminateio                              - Undefined Weak Reference
    __Vectors_Size                           0x000000ec   Number         0  startup_stm32f103xb.o ABSOLUTE
    __Vectors                                0x08000000   Data           4  startup_stm32f103xb.o(RESET)
    __Vectors_End                            0x080000ec   Data           0  startup_stm32f103xb.o(RESET)
    __main                                   0x080000ed   Thumb Code     8  __main.o(!!!main)
    __scatterload                            0x080000f5   Thumb Code     0  __scatter.o(!!!scatter)
    __scatterload_rt2                        0x080000f5   Thumb Code    44  __scatter.o(!!!scatter)
    __scatterload_rt2_thumb_only             0x080000f5   Thumb Code     0  __scatter.o(!!!scatter)
    __scatterload_null                       0x08000103   Thumb Code     0  __scatter.o(!!!scatter)
    __scatterload_copy                       0x08000129   Thumb Code    26  __scatter_copy.o(!!handler_copy)
    __scatterload_zeroinit                   0x08000145   Thumb Code    28  __scatter_zi.o(!!handler_zi)
    _printf_n                                0x08000161   Thumb Code     0  _printf_n.o(.ARM.Collect$$_printf_percent$$00000001)
    _printf_percent                          0x08000161   Thumb Code     0  _printf_percent.o(.ARM.Collect$$_printf_percent$$00000000)
    _printf_p                                0x08000167   Thumb Code     0  _printf_p.o(.ARM.Collect$$_printf_percent$$00000002)
    _printf_f                                0x0800016d   Thumb Code     0  _printf_f.o(.ARM.Collect$$_printf_percent$$00000003)
    _printf_e                                0x08000173   Thumb Code     0  _printf_e.o(.ARM.Collect$$_printf_percent$$00000004)
    _printf_g                                0x08000179   Thumb Code     0  _printf_g.o(.ARM.Collect$$_printf_percent$$00000005)
    _printf_a                                0x0800017f   Thumb Code     0  _printf_a.o(.ARM.Collect$$_printf_percent$$00000006)
    _printf_ll                               0x08000185   Thumb Code     0  _printf_ll.o(.ARM.Collect$$_printf_percent$$00000007)
    _printf_i                                0x0800018f   Thumb Code     0  _printf_i.o(.ARM.Collect$$_printf_percent$$00000008)
    _printf_d                                0x08000195   Thumb Code     0  _printf_d.o(.ARM.Collect$$_printf_percent$$00000009)
    _printf_u                                0x0800019b   Thumb Code     0  _printf_u.o(.ARM.Collect$$_printf_percent$$0000000A)
    _printf_o                                0x080001a1   Thumb Code     0  _printf_o.o(.ARM.Collect$$_printf_percent$$0000000B)
    _printf_x                                0x080001a7   Thumb Code     0  _printf_x.o(.ARM.Collect$$_printf_percent$$0000000C)
    _printf_lli                              0x080001ad   Thumb Code     0  _printf_lli.o(.ARM.Collect$$_printf_percent$$0000000D)
    _printf_lld                              0x080001b3   Thumb Code     0  _printf_lld.o(.ARM.Collect$$_printf_percent$$0000000E)
    _printf_llu                              0x080001b9   Thumb Code     0  _printf_llu.o(.ARM.Collect$$_printf_percent$$0000000F)
    _printf_llo                              0x080001bf   Thumb Code     0  _printf_llo.o(.ARM.Collect$$_printf_percent$$00000010)
    _printf_llx                              0x080001c5   Thumb Code     0  _printf_llx.o(.ARM.Collect$$_printf_percent$$00000011)
    _printf_l                                0x080001cb   Thumb Code     0  _printf_l.o(.ARM.Collect$$_printf_percent$$00000012)
    _printf_c                                0x080001d5   Thumb Code     0  _printf_c.o(.ARM.Collect$$_printf_percent$$00000013)
    _printf_s                                0x080001db   Thumb Code     0  _printf_s.o(.ARM.Collect$$_printf_percent$$00000014)
    _printf_lc                               0x080001e1   Thumb Code     0  _printf_lc.o(.ARM.Collect$$_printf_percent$$00000015)
    _printf_ls                               0x080001e7   Thumb Code     0  _printf_ls.o(.ARM.Collect$$_printf_percent$$00000016)
    _printf_percent_end                      0x080001ed   Thumb Code     0  _printf_percent_end.o(.ARM.Collect$$_printf_percent$$00000017)
    __rt_lib_init                            0x080001f1   Thumb Code     0  libinit.o(.ARM.Collect$$libinit$$00000000)
    __rt_lib_init_fp_1                       0x080001f3   Thumb Code     0  libinit2.o(.ARM.Collect$$libinit$$00000002)
    __rt_lib_init_heap_1                     0x080001f3   Thumb Code     0  libinit2.o(.ARM.Collect$$libinit$$0000000A)
    __rt_lib_init_lc_common                  0x080001f3   Thumb Code     0  libinit2.o(.ARM.Collect$$libinit$$0000000F)
    __rt_lib_init_preinit_1                  0x080001f3   Thumb Code     0  libinit2.o(.ARM.Collect$$libinit$$00000004)
    __rt_lib_init_rand_1                     0x080001f3   Thumb Code     0  libinit2.o(.ARM.Collect$$libinit$$0000000E)
    __rt_lib_init_user_alloc_1               0x080001f3   Thumb Code     0  libinit2.o(.ARM.Collect$$libinit$$0000000C)
    __rt_lib_init_lc_collate_1               0x080001f9   Thumb Code     0  libinit2.o(.ARM.Collect$$libinit$$00000011)
    __rt_lib_init_lc_ctype_2                 0x080001f9   Thumb Code     0  libinit2.o(.ARM.Collect$$libinit$$00000012)
    __rt_lib_init_lc_ctype_1                 0x08000205   Thumb Code     0  libinit2.o(.ARM.Collect$$libinit$$00000013)
    __rt_lib_init_lc_monetary_1              0x08000205   Thumb Code     0  libinit2.o(.ARM.Collect$$libinit$$00000015)
    __rt_lib_init_lc_numeric_2               0x08000205   Thumb Code     0  libinit2.o(.ARM.Collect$$libinit$$00000016)
    __rt_lib_init_alloca_1                   0x0800020f   Thumb Code     0  libinit2.o(.ARM.Collect$$libinit$$0000002E)
    __rt_lib_init_argv_1                     0x0800020f   Thumb Code     0  libinit2.o(.ARM.Collect$$libinit$$0000002C)
    __rt_lib_init_atexit_1                   0x0800020f   Thumb Code     0  libinit2.o(.ARM.Collect$$libinit$$0000001B)
    __rt_lib_init_clock_1                    0x0800020f   Thumb Code     0  libinit2.o(.ARM.Collect$$libinit$$00000021)
    __rt_lib_init_cpp_1                      0x0800020f   Thumb Code     0  libinit2.o(.ARM.Collect$$libinit$$00000032)
    __rt_lib_init_exceptions_1               0x0800020f   Thumb Code     0  libinit2.o(.ARM.Collect$$libinit$$00000030)
    __rt_lib_init_fp_trap_1                  0x0800020f   Thumb Code     0  libinit2.o(.ARM.Collect$$libinit$$0000001F)
    __rt_lib_init_getenv_1                   0x0800020f   Thumb Code     0  libinit2.o(.ARM.Collect$$libinit$$00000023)
    __rt_lib_init_lc_numeric_1               0x0800020f   Thumb Code     0  libinit2.o(.ARM.Collect$$libinit$$00000017)
    __rt_lib_init_lc_time_1                  0x0800020f   Thumb Code     0  libinit2.o(.ARM.Collect$$libinit$$00000019)
    __rt_lib_init_return                     0x0800020f   Thumb Code     0  libinit2.o(.ARM.Collect$$libinit$$00000033)
    __rt_lib_init_signal_1                   0x0800020f   Thumb Code     0  libinit2.o(.ARM.Collect$$libinit$$0000001D)
    __rt_lib_init_stdio_1                    0x0800020f   Thumb Code     0  libinit2.o(.ARM.Collect$$libinit$$00000025)
    __rt_lib_shutdown                        0x08000211   Thumb Code     0  libshutdown.o(.ARM.Collect$$libshutdown$$00000000)
    __rt_lib_shutdown_fp_trap_1              0x08000213   Thumb Code     0  libshutdown2.o(.ARM.Collect$$libshutdown$$00000006)
    __rt_lib_shutdown_heap_1                 0x08000213   Thumb Code     0  libshutdown2.o(.ARM.Collect$$libshutdown$$0000000E)
    __rt_lib_shutdown_return                 0x08000213   Thumb Code     0  libshutdown2.o(.ARM.Collect$$libshutdown$$0000000F)
    __rt_lib_shutdown_signal_1               0x08000213   Thumb Code     0  libshutdown2.o(.ARM.Collect$$libshutdown$$00000009)
    __rt_lib_shutdown_stdio_1                0x08000213   Thumb Code     0  libshutdown2.o(.ARM.Collect$$libshutdown$$00000003)
    __rt_lib_shutdown_user_alloc_1           0x08000213   Thumb Code     0  libshutdown2.o(.ARM.Collect$$libshutdown$$0000000B)
    __rt_entry                               0x08000215   Thumb Code     0  __rtentry.o(.ARM.Collect$$rtentry$$00000000)
    __rt_entry_presh_1                       0x08000215   Thumb Code     0  __rtentry2.o(.ARM.Collect$$rtentry$$00000002)
    __rt_entry_sh                            0x08000215   Thumb Code     0  __rtentry4.o(.ARM.Collect$$rtentry$$00000004)
    __rt_entry_li                            0x0800021b   Thumb Code     0  __rtentry2.o(.ARM.Collect$$rtentry$$0000000A)
    __rt_entry_postsh_1                      0x0800021b   Thumb Code     0  __rtentry2.o(.ARM.Collect$$rtentry$$00000009)
    __rt_entry_main                          0x0800021f   Thumb Code     0  __rtentry2.o(.ARM.Collect$$rtentry$$0000000D)
    __rt_entry_postli_1                      0x0800021f   Thumb Code     0  __rtentry2.o(.ARM.Collect$$rtentry$$0000000C)
    __rt_exit                                0x08000227   Thumb Code     0  rtexit.o(.ARM.Collect$$rtexit$$00000000)
    __rt_exit_ls                             0x08000229   Thumb Code     0  rtexit2.o(.ARM.Collect$$rtexit$$00000003)
    __rt_exit_prels_1                        0x08000229   Thumb Code     0  rtexit2.o(.ARM.Collect$$rtexit$$00000002)
    __rt_exit_exit                           0x0800022d   Thumb Code     0  rtexit2.o(.ARM.Collect$$rtexit$$00000004)
    Reset_Handler                            0x08000235   Thumb Code     4  startup_stm32f103xb.o(.text)
    ADC1_2_IRQHandler                        0x0800024b   Thumb Code     0  startup_stm32f103xb.o(.text)
    CAN1_RX1_IRQHandler                      0x0800024b   Thumb Code     0  startup_stm32f103xb.o(.text)
    CAN1_SCE_IRQHandler                      0x0800024b   Thumb Code     0  startup_stm32f103xb.o(.text)
    DMA1_Channel1_IRQHandler                 0x0800024b   Thumb Code     0  startup_stm32f103xb.o(.text)
    DMA1_Channel2_IRQHandler                 0x0800024b   Thumb Code     0  startup_stm32f103xb.o(.text)
    DMA1_Channel3_IRQHandler                 0x0800024b   Thumb Code     0  startup_stm32f103xb.o(.text)
    DMA1_Channel4_IRQHandler                 0x0800024b   Thumb Code     0  startup_stm32f103xb.o(.text)
    DMA1_Channel5_IRQHandler                 0x0800024b   Thumb Code     0  startup_stm32f103xb.o(.text)
    DMA1_Channel6_IRQHandler                 0x0800024b   Thumb Code     0  startup_stm32f103xb.o(.text)
    DMA1_Channel7_IRQHandler                 0x0800024b   Thumb Code     0  startup_stm32f103xb.o(.text)
    EXTI0_IRQHandler                         0x0800024b   Thumb Code     0  startup_stm32f103xb.o(.text)
    EXTI15_10_IRQHandler                     0x0800024b   Thumb Code     0  startup_stm32f103xb.o(.text)
    EXTI1_IRQHandler                         0x0800024b   Thumb Code     0  startup_stm32f103xb.o(.text)
    EXTI2_IRQHandler                         0x0800024b   Thumb Code     0  startup_stm32f103xb.o(.text)
    EXTI3_IRQHandler                         0x0800024b   Thumb Code     0  startup_stm32f103xb.o(.text)
    EXTI4_IRQHandler                         0x0800024b   Thumb Code     0  startup_stm32f103xb.o(.text)
    EXTI9_5_IRQHandler                       0x0800024b   Thumb Code     0  startup_stm32f103xb.o(.text)
    FLASH_IRQHandler                         0x0800024b   Thumb Code     0  startup_stm32f103xb.o(.text)
    I2C1_ER_IRQHandler                       0x0800024b   Thumb Code     0  startup_stm32f103xb.o(.text)
    I2C1_EV_IRQHandler                       0x0800024b   Thumb Code     0  startup_stm32f103xb.o(.text)
    I2C2_ER_IRQHandler                       0x0800024b   Thumb Code     0  startup_stm32f103xb.o(.text)
    I2C2_EV_IRQHandler                       0x0800024b   Thumb Code     0  startup_stm32f103xb.o(.text)
    PVD_IRQHandler                           0x0800024b   Thumb Code     0  startup_stm32f103xb.o(.text)
    RCC_IRQHandler                           0x0800024b   Thumb Code     0  startup_stm32f103xb.o(.text)
    RTC_Alarm_IRQHandler                     0x0800024b   Thumb Code     0  startup_stm32f103xb.o(.text)
    RTC_IRQHandler                           0x0800024b   Thumb Code     0  startup_stm32f103xb.o(.text)
    SPI1_IRQHandler                          0x0800024b   Thumb Code     0  startup_stm32f103xb.o(.text)
    SPI2_IRQHandler                          0x0800024b   Thumb Code     0  startup_stm32f103xb.o(.text)
    TAMPER_IRQHandler                        0x0800024b   Thumb Code     0  startup_stm32f103xb.o(.text)
    TIM1_BRK_IRQHandler                      0x0800024b   Thumb Code     0  startup_stm32f103xb.o(.text)
    TIM1_CC_IRQHandler                       0x0800024b   Thumb Code     0  startup_stm32f103xb.o(.text)
    TIM1_TRG_COM_IRQHandler                  0x0800024b   Thumb Code     0  startup_stm32f103xb.o(.text)
    TIM1_UP_IRQHandler                       0x0800024b   Thumb Code     0  startup_stm32f103xb.o(.text)
    TIM3_IRQHandler                          0x0800024b   Thumb Code     0  startup_stm32f103xb.o(.text)
    TIM4_IRQHandler                          0x0800024b   Thumb Code     0  startup_stm32f103xb.o(.text)
    USART2_IRQHandler                        0x0800024b   Thumb Code     0  startup_stm32f103xb.o(.text)
    USART3_IRQHandler                        0x0800024b   Thumb Code     0  startup_stm32f103xb.o(.text)
    USBWakeUp_IRQHandler                     0x0800024b   Thumb Code     0  startup_stm32f103xb.o(.text)
    USB_HP_CAN1_TX_IRQHandler                0x0800024b   Thumb Code     0  startup_stm32f103xb.o(.text)
    USB_LP_CAN1_RX0_IRQHandler               0x0800024b   Thumb Code     0  startup_stm32f103xb.o(.text)
    WWDG_IRQHandler                          0x0800024b   Thumb Code     0  startup_stm32f103xb.o(.text)
    __user_initial_stackheap                 0x0800024d   Thumb Code     0  startup_stm32f103xb.o(.text)
    __use_no_semihosting                     0x08000269   Thumb Code     2  use_no_semi_2.o(.text)
    __aeabi_llsr                             0x0800026b   Thumb Code     0  llushr.o(.text)
    _ll_ushift_r                             0x0800026b   Thumb Code    38  llushr.o(.text)
    vsprintf                                 0x08000291   Thumb Code    32  vsprintf.o(.text)
    __2sprintf                               0x080002b5   Thumb Code    38  __2sprintf.o(.text)
    _printf_str                              0x080002e1   Thumb Code    82  _printf_str.o(.text)
    __printf                                 0x08000335   Thumb Code   388  __printf_flags_ss_wp.o(.text)
    strstr                                   0x080004bd   Thumb Code    36  strstr.o(.text)
    strlen                                   0x080004e1   Thumb Code    62  strlen.o(.text)
    __aeabi_memclr4                          0x0800051f   Thumb Code     0  rt_memclr_w.o(.text)
    __aeabi_memclr8                          0x0800051f   Thumb Code     0  rt_memclr_w.o(.text)
    __rt_memclr_w                            0x0800051f   Thumb Code    78  rt_memclr_w.o(.text)
    _memset_w                                0x08000523   Thumb Code     0  rt_memclr_w.o(.text)
    __use_two_region_memory                  0x0800056d   Thumb Code     2  heapauxi.o(.text)
    __rt_heap_escrow$2region                 0x0800056f   Thumb Code     2  heapauxi.o(.text)
    __rt_heap_expand$2region                 0x08000571   Thumb Code     2  heapauxi.o(.text)
    __semihosting$guard                      0x08000573   Thumb Code     0  use_no_semi.o(.text)
    __use_no_semihosting_swi                 0x08000573   Thumb Code     2  use_no_semi.o(.text)
    _printf_pre_padding                      0x08000575   Thumb Code    44  _printf_pad.o(.text)
    _printf_post_padding                     0x080005a1   Thumb Code    34  _printf_pad.o(.text)
    _printf_truncate_signed                  0x080005c3   Thumb Code    18  _printf_truncate.o(.text)
    _printf_truncate_unsigned                0x080005d5   Thumb Code    18  _printf_truncate.o(.text)
    _printf_int_dec                          0x080005e9   Thumb Code   104  _printf_dec.o(.text)
    _printf_charcount                        0x08000661   Thumb Code    40  _printf_charcount.o(.text)
    _printf_char_common                      0x08000693   Thumb Code    32  _printf_char_common.o(.text)
    _sputc                                   0x080006b9   Thumb Code    10  _sputc.o(.text)
    _printf_cs_common                        0x080006c3   Thumb Code    20  _printf_char.o(.text)
    _printf_char                             0x080006d7   Thumb Code    16  _printf_char.o(.text)
    _printf_string                           0x080006e7   Thumb Code     8  _printf_char.o(.text)
    _printf_wctomb                           0x080006f1   Thumb Code   182  _printf_wctomb.o(.text)
    _printf_longlong_dec                     0x080007ad   Thumb Code   108  _printf_longlong_dec.o(.text)
    _printf_longlong_oct                     0x08000829   Thumb Code    68  _printf_oct_int_ll.o(.text)
    _printf_int_oct                          0x0800086d   Thumb Code    24  _printf_oct_int_ll.o(.text)
    _printf_ll_oct                           0x08000885   Thumb Code    12  _printf_oct_int_ll.o(.text)
    _printf_longlong_hex                     0x08000899   Thumb Code    86  _printf_hex_int_ll_ptr.o(.text)
    _printf_int_hex                          0x080008ef   Thumb Code    28  _printf_hex_int_ll_ptr.o(.text)
    _printf_ll_hex                           0x0800090b   Thumb Code    12  _printf_hex_int_ll_ptr.o(.text)
    _printf_hex_ptr                          0x08000917   Thumb Code    18  _printf_hex_int_ll_ptr.o(.text)
    _ll_udiv10                               0x0800092d   Thumb Code   138  lludiv10.o(.text)
    _printf_int_common                       0x080009b7   Thumb Code   178  _printf_intcommon.o(.text)
    __lib_sel_fp_printf                      0x08000a69   Thumb Code     2  _printf_fp_dec.o(.text)
    _printf_fp_dec_real                      0x08000c17   Thumb Code   620  _printf_fp_dec.o(.text)
    _printf_fp_hex_real                      0x08000e85   Thumb Code   754  _printf_fp_hex.o(.text)
    _printf_lcs_common                       0x08001181   Thumb Code    20  _printf_wchar.o(.text)
    _printf_wchar                            0x08001195   Thumb Code    16  _printf_wchar.o(.text)
    _printf_wstring                          0x080011a5   Thumb Code     8  _printf_wchar.o(.text)
    _wcrtomb                                 0x080011ad   Thumb Code    64  _wcrtomb.o(.text)
    __user_setup_stackheap                   0x080011ed   Thumb Code    74  sys_stackheap_outer.o(.text)
    __rt_ctype_table                         0x08001239   Thumb Code    16  rt_ctype_table.o(.text)
    __rt_locale                              0x08001249   Thumb Code     8  rt_locale_intlibspace.o(.text)
    _printf_fp_infnan                        0x08001251   Thumb Code   112  _printf_fp_infnan.o(.text)
    _btod_etento                             0x080012d1   Thumb Code   216  bigflt0.o(.text)
    exit                                     0x080013ad   Thumb Code    12  exit.o(.text)
    __user_libspace                          0x080013b9   Thumb Code     8  libspace.o(.text)
    __user_perproc_libspace                  0x080013b9   Thumb Code     0  libspace.o(.text)
    __user_perthread_libspace                0x080013b9   Thumb Code     0  libspace.o(.text)
    strcmp                                   0x080013c1   Thumb Code   128  strcmpv7m.o(.text)
    _btod_d2e                                0x08001441   Thumb Code    62  btod.o(CL$$btod_d2e)
    _d2e_denorm_low                          0x0800147f   Thumb Code    70  btod.o(CL$$btod_d2e_denorm_low)
    _d2e_norm_op1                            0x080014c5   Thumb Code    96  btod.o(CL$$btod_d2e_norm_op1)
    __btod_div_common                        0x08001525   Thumb Code   696  btod.o(CL$$btod_div_common)
    _e2e                                     0x0800185d   Thumb Code   198  btod.o(CL$$btod_e2e)
    _btod_ediv                               0x08001923   Thumb Code    40  btod.o(CL$$btod_ediv)
    _btod_emul                               0x0800194b   Thumb Code    40  btod.o(CL$$btod_emul)
    __btod_mult_common                       0x08001973   Thumb Code   580  btod.o(CL$$btod_mult_common)
    BusFault_Handler                         0x08001bb7   Thumb Code     4  stm32f1xx_it.o(i.BusFault_Handler)
    DebugMon_Handler                         0x08001bbb   Thumb Code     2  stm32f1xx_it.o(i.DebugMon_Handler)
    FLASH_PageErase                          0x08001be5   Thumb Code    32  stm32f1xx_hal_flash_ex.o(i.FLASH_PageErase)
    FLASH_WaitForLastOperation               0x08001cb1   Thumb Code   106  stm32f1xx_hal_flash.o(i.FLASH_WaitForLastOperation)
    HAL_DMA_Abort_IT                         0x08001d21   Thumb Code   414  stm32f1xx_hal_dma.o(i.HAL_DMA_Abort_IT)
    HAL_FLASHEx_Erase                        0x08001ec9   Thumb Code   168  stm32f1xx_hal_flash_ex.o(i.HAL_FLASHEx_Erase)
    HAL_FLASH_Lock                           0x08001f79   Thumb Code    16  stm32f1xx_hal_flash.o(i.HAL_FLASH_Lock)
    HAL_FLASH_Program                        0x08001f8d   Thumb Code   168  stm32f1xx_hal_flash.o(i.HAL_FLASH_Program)
    HAL_FLASH_Unlock                         0x0800203d   Thumb Code    36  stm32f1xx_hal_flash.o(i.HAL_FLASH_Unlock)
    HAL_GPIO_Init                            0x0800206d   Thumb Code   792  stm32f1xx_hal_gpio.o(i.HAL_GPIO_Init)
    HAL_GPIO_ReadPin                         0x080023ad   Thumb Code    16  stm32f1xx_hal_gpio.o(i.HAL_GPIO_ReadPin)
    HAL_GPIO_TogglePin                       0x080023bd   Thumb Code    20  stm32f1xx_hal_gpio.o(i.HAL_GPIO_TogglePin)
    HAL_GPIO_WritePin                        0x080023d1   Thumb Code    12  stm32f1xx_hal_gpio.o(i.HAL_GPIO_WritePin)
    HAL_GetTick                              0x080023dd   Thumb Code     6  stm32f1xx_hal.o(i.HAL_GetTick)
    HAL_IWDG_Init                            0x080023e9   Thumb Code    80  stm32f1xx_hal_iwdg.o(i.HAL_IWDG_Init)
    HAL_IWDG_Refresh                         0x08002439   Thumb Code    14  stm32f1xx_hal_iwdg.o(i.HAL_IWDG_Refresh)
    HAL_IncTick                              0x08002449   Thumb Code    16  stm32f1xx_hal.o(i.HAL_IncTick)
    HAL_Init                                 0x08002461   Thumb Code    34  stm32f1xx_hal.o(i.HAL_Init)
    HAL_InitTick                             0x08002489   Thumb Code    64  stm32f1xx_hal.o(i.HAL_InitTick)
    HAL_MspInit                              0x080024d5   Thumb Code     2  stm32f1xx_hal.o(i.HAL_MspInit)
    HAL_NVIC_EnableIRQ                       0x080024d7   Thumb Code    32  stm32f1xx_hal_cortex.o(i.HAL_NVIC_EnableIRQ)
    HAL_NVIC_SetPriority                     0x080024f7   Thumb Code   124  stm32f1xx_hal_cortex.o(i.HAL_NVIC_SetPriority)
    HAL_NVIC_SetPriorityGrouping             0x08002575   Thumb Code    32  stm32f1xx_hal_cortex.o(i.HAL_NVIC_SetPriorityGrouping)
    HAL_RCC_ClockConfig                      0x0800259d   Thumb Code   376  stm32f1xx_hal_rcc.o(i.HAL_RCC_ClockConfig)
    HAL_RCC_GetHCLKFreq                      0x08002729   Thumb Code     6  stm32f1xx_hal_rcc.o(i.HAL_RCC_GetHCLKFreq)
    HAL_RCC_GetPCLK1Freq                     0x08002735   Thumb Code    22  stm32f1xx_hal_rcc.o(i.HAL_RCC_GetPCLK1Freq)
    HAL_RCC_GetPCLK2Freq                     0x08002755   Thumb Code    22  stm32f1xx_hal_rcc.o(i.HAL_RCC_GetPCLK2Freq)
    HAL_RCC_GetSysClockFreq                  0x08002775   Thumb Code   116  stm32f1xx_hal_rcc.o(i.HAL_RCC_GetSysClockFreq)
    HAL_RCC_OscConfig                        0x08002809   Thumb Code  1114  stm32f1xx_hal_rcc.o(i.HAL_RCC_OscConfig)
    HAL_SYSTICK_Config                       0x08002c6d   Thumb Code    52  stm32f1xx_hal_cortex.o(i.HAL_SYSTICK_Config)
    HAL_TIM_Base_Init                        0x08002ca1   Thumb Code   102  stm32f1xx_hal_tim.o(i.HAL_TIM_Base_Init)
    HAL_TIM_Base_MspInit                     0x08002d07   Thumb Code     2  stm32f1xx_hal_tim.o(i.HAL_TIM_Base_MspInit)
    HAL_TIM_Base_Start_IT                    0x08002d09   Thumb Code   122  stm32f1xx_hal_tim.o(i.HAL_TIM_Base_Start_IT)
    HAL_UART_ErrorCallback                   0x08002d99   Thumb Code     2  stm32f1xx_hal_uart.o(i.HAL_UART_ErrorCallback)
    HAL_UART_IRQHandler                      0x08002d9d   Thumb Code   334  stm32f1xx_hal_uart.o(i.HAL_UART_IRQHandler)
    HAL_UART_Init                            0x08002ef1   Thumb Code   114  stm32f1xx_hal_uart.o(i.HAL_UART_Init)
    HAL_UART_MspInit                         0x08002f65   Thumb Code   168  usart.o(i.HAL_UART_MspInit)
    HAL_UART_Receive_IT                      0x08003019   Thumb Code   112  stm32f1xx_hal_uart.o(i.HAL_UART_Receive_IT)
    HAL_UART_RxCpltCallback                  0x08003089   Thumb Code   120  usart.o(i.HAL_UART_RxCpltCallback)
    HAL_UART_Transmit                        0x08003111   Thumb Code   210  stm32f1xx_hal_uart.o(i.HAL_UART_Transmit)
    HAL_UART_TxCpltCallback                  0x080031e3   Thumb Code     2  stm32f1xx_hal_uart.o(i.HAL_UART_TxCpltCallback)
    HardFault_Handler                        0x080031e5   Thumb Code     4  stm32f1xx_it.o(i.HardFault_Handler)
    MemManage_Handler                        0x080031e9   Thumb Code     4  stm32f1xx_it.o(i.MemManage_Handler)
    NMI_Handler                              0x080031ed   Thumb Code     2  stm32f1xx_it.o(i.NMI_Handler)
    PendSV_Handler                           0x080031ef   Thumb Code     2  stm32f1xx_it.o(i.PendSV_Handler)
    SVC_Handler                              0x08003219   Thumb Code     2  stm32f1xx_it.o(i.SVC_Handler)
    SysTick_Handler                          0x0800321b   Thumb Code     8  stm32f1xx_it.o(i.SysTick_Handler)
    TIM2_IRQHandler                          0x08003225   Thumb Code   132  gtim.o(i.TIM2_IRQHandler)
    TIM_Base_SetConfig                       0x080032c1   Thumb Code   134  stm32f1xx_hal_tim.o(i.TIM_Base_SetConfig)
    Trigger_init                             0x0800335d   Thumb Code   316  trigger.o(i.Trigger_init)
    USART1_IRQHandler                        0x08003761   Thumb Code    26  usart.o(i.USART1_IRQHandler)
    UsageFault_Handler                       0x08003785   Thumb Code     4  stm32f1xx_it.o(i.UsageFault_Handler)
    __ARM_fpclassify                         0x08003789   Thumb Code    40  fpclassify.o(i.__ARM_fpclassify)
    _is_digit                                0x080037e9   Thumb Code    14  __printf_wp.o(i._is_digit)
    _sys_exit                                0x080037f7   Thumb Code     4  usart.o(i._sys_exit)
    atk_mw8266d_check_act                    0x080037fb   Thumb Code    30  atk_mw8266d.o(i.atk_mw8266d_check_act)
    atk_mw8266d_connect_atkcld               0x08003819   Thumb Code    46  atk_mw8266d.o(i.atk_mw8266d_connect_atkcld)
    atk_mw8266d_disconnect_atkcld            0x08003871   Thumb Code    26  atk_mw8266d.o(i.atk_mw8266d_disconnect_atkcld)
    atk_mw8266d_hw_init                      0x080038a1   Thumb Code    64  atk_mw8266d.o(i.atk_mw8266d_hw_init)
    atk_mw8266d_hw_reset                     0x080038e9   Thumb Code    46  atk_mw8266d.o(i.atk_mw8266d_hw_reset)
    atk_mw8266d_send_at_cmd                  0x0800391d   Thumb Code    78  atk_mw8266d.o(i.atk_mw8266d_send_at_cmd)
    atk_mw8266d_uart_printf                  0x08003975   Thumb Code    66  atk_mw8266d_uart.o(i.atk_mw8266d_uart_printf)
    atk_mw8266d_uart_rx_get_frame            0x080039c1   Thumb Code    32  atk_mw8266d_uart.o(i.atk_mw8266d_uart_rx_get_frame)
    atk_mw8266d_uart_rx_restart              0x080039e9   Thumb Code     8  atk_mw8266d_uart.o(i.atk_mw8266d_uart_rx_restart)
    connect_atkcld                           0x080039f5   Thumb Code   140  atk_mw8266d.o(i.connect_atkcld)
    delay_init                               0x08003aa9   Thumb Code     6  delay.o(i.delay_init)
    delay_ms                                 0x08003ab5   Thumb Code    18  delay.o(i.delay_ms)
    delay_us                                 0x08003ac9   Thumb Code    68  delay.o(i.delay_us)
    gtim_timx_init                           0x08003b11   Thumb Code    82  gtim.o(i.gtim_timx_init)
    iwdg_feed                                0x08003b6d   Thumb Code    10  iwdg.o(i.iwdg_feed)
    iwdg_init                                0x08003b7d   Thumb Code    24  iwdg.o(i.iwdg_init)
    led_init                                 0x08003b9d   Thumb Code   134  led.o(i.led_init)
    main                                     0x08003c2d   Thumb Code  2618  main.o(i.main)
    stmflash_read                            0x08004685   Thumb Code    34  stmflash.o(i.stmflash_read)
    stmflash_read_halfword                   0x080046a7   Thumb Code     6  stmflash.o(i.stmflash_read_halfword)
    stmflash_write                           0x080046ad   Thumb Code   242  stmflash.o(i.stmflash_write)
    stmflash_write_nocheck                   0x080047a5   Thumb Code    44  stmflash.o(i.stmflash_write_nocheck)
    sys_stm32_clock_init                     0x080047d1   Thumb Code   102  sys.o(i.sys_stm32_clock_init)
    usart_init                               0x08004839   Thumb Code    44  usart.o(i.usart_init)
    _get_lc_numeric                          0x08004871   Thumb Code    44  lc_numeric_c.o(locale$$code)
    _get_lc_ctype                            0x0800489d   Thumb Code    44  lc_ctype_c.o(locale$$code)
    _printf_fp_dec                           0x080048c9   Thumb Code     4  printf1.o(x$fpl$printf1)
    _printf_fp_hex                           0x080048cd   Thumb Code     4  printf2.o(x$fpl$printf2)
    AHBPrescTable                            0x080048d0   Data          16  system_stm32f1xx.o(.constdata)
    __I$use$fp                               0x080048d0   Number         0  usenofp.o(x$fpl$usenofp)
    APBPrescTable                            0x080048e0   Data           8  system_stm32f1xx.o(.constdata)
    Region$$Table$$Base                      0x080049e8   Number         0  anon$$obj.o(Region$$Table)
    Region$$Table$$Limit                     0x08004a08   Number         0  anon$$obj.o(Region$$Table)
    __ctype                                  0x08004a31   Data           0  lc_ctype_c.o(locale$$data)
    flag_tim_feeddog                         0x20000000   Data           1  main.o(.data)
    flag_feeddog                             0x20000001   Data           1  main.o(.data)
    flag_led                                 0x20000002   Data           1  main.o(.data)
    flag_AT                                  0x20000004   Data           2  main.o(.data)
    flag_change                              0x20000006   Data           1  main.o(.data)
    conunt_flag_tim_feeddog                  0x20000007   Data           1  main.o(.data)
    flag_other                               0x20000008   Data           1  main.o(.data)
    Trigger_data                             0x20000009   Data           1  main.o(.data)
    SystemCoreClock                          0x2000000c   Data           4  system_stm32f1xx.o(.data)
    uwTick                                   0x20000010   Data           4  stm32f1xx_hal.o(.data)
    uwTickPrio                               0x20000014   Data           4  stm32f1xx_hal.o(.data)
    uwTickFreq                               0x20000018   Data           1  stm32f1xx_hal.o(.data)
    __stdout                                 0x20000020   Data           4  usart.o(.data)
    g_usart_rx_sta                           0x20000024   Data           2  usart.o(.data)
    g_rx_buffer                              0x20000026   Data           1  usart.o(.data)
    pFlash                                   0x20000028   Data          32  stm32f1xx_hal_flash.o(.bss)
    g_usart_rx_buf                           0x20000048   Data         200  usart.o(.bss)
    g_uart1_handle                           0x20000110   Data          64  usart.o(.bss)
    iwdg_handle                              0x20000150   Data          12  iwdg.o(.bss)
    g_timx_handle                            0x2000015c   Data          72  gtim.o(.bss)
    g_flashbuf                               0x200001e4   Data        1024  stmflash.o(.bss)
    __libspace_start                         0x200005e4   Data          96  libspace.o(.bss)
    __temporary_stack_top$libspace           0x20000644   Data           0  libspace.o(.bss)



==============================================================================

Memory Map of the image

  Image Entry point : 0x080000ed

  Load Region LR_IROM1 (Base: 0x08000000, Size: 0x00004b5c, Max: 0x00010000, ABSOLUTE)

    Execution Region ER_IROM1 (Base: 0x08000000, Size: 0x00004b34, Max: 0x00010000, ABSOLUTE)

    Base Addr    Size         Type   Attr      Idx    E Section Name        Object

    0x08000000   0x000000ec   Data   RO            3    RESET               startup_stm32f103xb.o
    0x080000ec   0x00000008   Code   RO         3415  * !!!main             c_w.l(__main.o)
    0x080000f4   0x00000034   Code   RO         3702    !!!scatter          c_w.l(__scatter.o)
    0x08000128   0x0000001a   Code   RO         3704    !!handler_copy      c_w.l(__scatter_copy.o)
    0x08000142   0x00000002   PAD
    0x08000144   0x0000001c   Code   RO         3706    !!handler_zi        c_w.l(__scatter_zi.o)
    0x08000160   0x00000000   Code   RO         3406    .ARM.Collect$$_printf_percent$$00000000  c_w.l(_printf_percent.o)
    0x08000160   0x00000006   Code   RO         3467    .ARM.Collect$$_printf_percent$$00000001  c_w.l(_printf_n.o)
    0x08000166   0x00000006   Code   RO         3469    .ARM.Collect$$_printf_percent$$00000002  c_w.l(_printf_p.o)
    0x0800016c   0x00000006   Code   RO         3474    .ARM.Collect$$_printf_percent$$00000003  c_w.l(_printf_f.o)
    0x08000172   0x00000006   Code   RO         3475    .ARM.Collect$$_printf_percent$$00000004  c_w.l(_printf_e.o)
    0x08000178   0x00000006   Code   RO         3476    .ARM.Collect$$_printf_percent$$00000005  c_w.l(_printf_g.o)
    0x0800017e   0x00000006   Code   RO         3477    .ARM.Collect$$_printf_percent$$00000006  c_w.l(_printf_a.o)
    0x08000184   0x0000000a   Code   RO         3482    .ARM.Collect$$_printf_percent$$00000007  c_w.l(_printf_ll.o)
    0x0800018e   0x00000006   Code   RO         3471    .ARM.Collect$$_printf_percent$$00000008  c_w.l(_printf_i.o)
    0x08000194   0x00000006   Code   RO         3472    .ARM.Collect$$_printf_percent$$00000009  c_w.l(_printf_d.o)
    0x0800019a   0x00000006   Code   RO         3473    .ARM.Collect$$_printf_percent$$0000000A  c_w.l(_printf_u.o)
    0x080001a0   0x00000006   Code   RO         3470    .ARM.Collect$$_printf_percent$$0000000B  c_w.l(_printf_o.o)
    0x080001a6   0x00000006   Code   RO         3468    .ARM.Collect$$_printf_percent$$0000000C  c_w.l(_printf_x.o)
    0x080001ac   0x00000006   Code   RO         3479    .ARM.Collect$$_printf_percent$$0000000D  c_w.l(_printf_lli.o)
    0x080001b2   0x00000006   Code   RO         3480    .ARM.Collect$$_printf_percent$$0000000E  c_w.l(_printf_lld.o)
    0x080001b8   0x00000006   Code   RO         3481    .ARM.Collect$$_printf_percent$$0000000F  c_w.l(_printf_llu.o)
    0x080001be   0x00000006   Code   RO         3486    .ARM.Collect$$_printf_percent$$00000010  c_w.l(_printf_llo.o)
    0x080001c4   0x00000006   Code   RO         3487    .ARM.Collect$$_printf_percent$$00000011  c_w.l(_printf_llx.o)
    0x080001ca   0x0000000a   Code   RO         3483    .ARM.Collect$$_printf_percent$$00000012  c_w.l(_printf_l.o)
    0x080001d4   0x00000006   Code   RO         3466    .ARM.Collect$$_printf_percent$$00000013  c_w.l(_printf_c.o)
    0x080001da   0x00000006   Code   RO         3405    .ARM.Collect$$_printf_percent$$00000014  c_w.l(_printf_s.o)
    0x080001e0   0x00000006   Code   RO         3484    .ARM.Collect$$_printf_percent$$00000015  c_w.l(_printf_lc.o)
    0x080001e6   0x00000006   Code   RO         3485    .ARM.Collect$$_printf_percent$$00000016  c_w.l(_printf_ls.o)
    0x080001ec   0x00000004   Code   RO         3478    .ARM.Collect$$_printf_percent$$00000017  c_w.l(_printf_percent_end.o)
    0x080001f0   0x00000002   Code   RO         3572    .ARM.Collect$$libinit$$00000000  c_w.l(libinit.o)
    0x080001f2   0x00000000   Code   RO         3589    .ARM.Collect$$libinit$$00000002  c_w.l(libinit2.o)
    0x080001f2   0x00000000   Code   RO         3591    .ARM.Collect$$libinit$$00000004  c_w.l(libinit2.o)
    0x080001f2   0x00000000   Code   RO         3594    .ARM.Collect$$libinit$$0000000A  c_w.l(libinit2.o)
    0x080001f2   0x00000000   Code   RO         3596    .ARM.Collect$$libinit$$0000000C  c_w.l(libinit2.o)
    0x080001f2   0x00000000   Code   RO         3598    .ARM.Collect$$libinit$$0000000E  c_w.l(libinit2.o)
    0x080001f2   0x00000006   Code   RO         3599    .ARM.Collect$$libinit$$0000000F  c_w.l(libinit2.o)
    0x080001f8   0x00000000   Code   RO         3601    .ARM.Collect$$libinit$$00000011  c_w.l(libinit2.o)
    0x080001f8   0x0000000c   Code   RO         3602    .ARM.Collect$$libinit$$00000012  c_w.l(libinit2.o)
    0x08000204   0x00000000   Code   RO         3603    .ARM.Collect$$libinit$$00000013  c_w.l(libinit2.o)
    0x08000204   0x00000000   Code   RO         3605    .ARM.Collect$$libinit$$00000015  c_w.l(libinit2.o)
    0x08000204   0x0000000a   Code   RO         3606    .ARM.Collect$$libinit$$00000016  c_w.l(libinit2.o)
    0x0800020e   0x00000000   Code   RO         3607    .ARM.Collect$$libinit$$00000017  c_w.l(libinit2.o)
    0x0800020e   0x00000000   Code   RO         3609    .ARM.Collect$$libinit$$00000019  c_w.l(libinit2.o)
    0x0800020e   0x00000000   Code   RO         3611    .ARM.Collect$$libinit$$0000001B  c_w.l(libinit2.o)
    0x0800020e   0x00000000   Code   RO         3613    .ARM.Collect$$libinit$$0000001D  c_w.l(libinit2.o)
    0x0800020e   0x00000000   Code   RO         3615    .ARM.Collect$$libinit$$0000001F  c_w.l(libinit2.o)
    0x0800020e   0x00000000   Code   RO         3617    .ARM.Collect$$libinit$$00000021  c_w.l(libinit2.o)
    0x0800020e   0x00000000   Code   RO         3619    .ARM.Collect$$libinit$$00000023  c_w.l(libinit2.o)
    0x0800020e   0x00000000   Code   RO         3621    .ARM.Collect$$libinit$$00000025  c_w.l(libinit2.o)
    0x0800020e   0x00000000   Code   RO         3625    .ARM.Collect$$libinit$$0000002C  c_w.l(libinit2.o)
    0x0800020e   0x00000000   Code   RO         3627    .ARM.Collect$$libinit$$0000002E  c_w.l(libinit2.o)
    0x0800020e   0x00000000   Code   RO         3629    .ARM.Collect$$libinit$$00000030  c_w.l(libinit2.o)
    0x0800020e   0x00000000   Code   RO         3631    .ARM.Collect$$libinit$$00000032  c_w.l(libinit2.o)
    0x0800020e   0x00000002   Code   RO         3632    .ARM.Collect$$libinit$$00000033  c_w.l(libinit2.o)
    0x08000210   0x00000002   Code   RO         3650    .ARM.Collect$$libshutdown$$00000000  c_w.l(libshutdown.o)
    0x08000212   0x00000000   Code   RO         3659    .ARM.Collect$$libshutdown$$00000003  c_w.l(libshutdown2.o)
    0x08000212   0x00000000   Code   RO         3662    .ARM.Collect$$libshutdown$$00000006  c_w.l(libshutdown2.o)
    0x08000212   0x00000000   Code   RO         3665    .ARM.Collect$$libshutdown$$00000009  c_w.l(libshutdown2.o)
    0x08000212   0x00000000   Code   RO         3667    .ARM.Collect$$libshutdown$$0000000B  c_w.l(libshutdown2.o)
    0x08000212   0x00000000   Code   RO         3670    .ARM.Collect$$libshutdown$$0000000E  c_w.l(libshutdown2.o)
    0x08000212   0x00000002   Code   RO         3671    .ARM.Collect$$libshutdown$$0000000F  c_w.l(libshutdown2.o)
    0x08000214   0x00000000   Code   RO         3419    .ARM.Collect$$rtentry$$00000000  c_w.l(__rtentry.o)
    0x08000214   0x00000000   Code   RO         3497    .ARM.Collect$$rtentry$$00000002  c_w.l(__rtentry2.o)
    0x08000214   0x00000006   Code   RO         3509    .ARM.Collect$$rtentry$$00000004  c_w.l(__rtentry4.o)
    0x0800021a   0x00000000   Code   RO         3499    .ARM.Collect$$rtentry$$00000009  c_w.l(__rtentry2.o)
    0x0800021a   0x00000004   Code   RO         3500    .ARM.Collect$$rtentry$$0000000A  c_w.l(__rtentry2.o)
    0x0800021e   0x00000000   Code   RO         3502    .ARM.Collect$$rtentry$$0000000C  c_w.l(__rtentry2.o)
    0x0800021e   0x00000008   Code   RO         3503    .ARM.Collect$$rtentry$$0000000D  c_w.l(__rtentry2.o)
    0x08000226   0x00000002   Code   RO         3581    .ARM.Collect$$rtexit$$00000000  c_w.l(rtexit.o)
    0x08000228   0x00000000   Code   RO         3634    .ARM.Collect$$rtexit$$00000002  c_w.l(rtexit2.o)
    0x08000228   0x00000004   Code   RO         3635    .ARM.Collect$$rtexit$$00000003  c_w.l(rtexit2.o)
    0x0800022c   0x00000006   Code   RO         3636    .ARM.Collect$$rtexit$$00000004  c_w.l(rtexit2.o)
    0x08000232   0x00000002   PAD
    0x08000234   0x00000034   Code   RO            4    .text               startup_stm32f103xb.o
    0x08000268   0x00000002   Code   RO         3371    .text               c_w.l(use_no_semi_2.o)
    0x0800026a   0x00000026   Code   RO         3373    .text               c_w.l(llushr.o)
    0x08000290   0x00000024   Code   RO         3375    .text               c_w.l(vsprintf.o)
    0x080002b4   0x0000002c   Code   RO         3377    .text               c_w.l(__2sprintf.o)
    0x080002e0   0x00000052   Code   RO         3383    .text               c_w.l(_printf_str.o)
    0x08000332   0x00000002   PAD
    0x08000334   0x00000188   Code   RO         3402    .text               c_w.l(__printf_flags_ss_wp.o)
    0x080004bc   0x00000024   Code   RO         3407    .text               c_w.l(strstr.o)
    0x080004e0   0x0000003e   Code   RO         3409    .text               c_w.l(strlen.o)
    0x0800051e   0x0000004e   Code   RO         3411    .text               c_w.l(rt_memclr_w.o)
    0x0800056c   0x00000006   Code   RO         3413    .text               c_w.l(heapauxi.o)
    0x08000572   0x00000002   Code   RO         3417    .text               c_w.l(use_no_semi.o)
    0x08000574   0x0000004e   Code   RO         3420    .text               c_w.l(_printf_pad.o)
    0x080005c2   0x00000024   Code   RO         3422    .text               c_w.l(_printf_truncate.o)
    0x080005e6   0x00000002   PAD
    0x080005e8   0x00000078   Code   RO         3424    .text               c_w.l(_printf_dec.o)
    0x08000660   0x00000028   Code   RO         3426    .text               c_w.l(_printf_charcount.o)
    0x08000688   0x00000030   Code   RO         3428    .text               c_w.l(_printf_char_common.o)
    0x080006b8   0x0000000a   Code   RO         3430    .text               c_w.l(_sputc.o)
    0x080006c2   0x0000002c   Code   RO         3432    .text               c_w.l(_printf_char.o)
    0x080006ee   0x00000002   PAD
    0x080006f0   0x000000bc   Code   RO         3434    .text               c_w.l(_printf_wctomb.o)
    0x080007ac   0x0000007c   Code   RO         3437    .text               c_w.l(_printf_longlong_dec.o)
    0x08000828   0x00000070   Code   RO         3443    .text               c_w.l(_printf_oct_int_ll.o)
    0x08000898   0x00000094   Code   RO         3463    .text               c_w.l(_printf_hex_int_ll_ptr.o)
    0x0800092c   0x0000008a   Code   RO         3511    .text               c_w.l(lludiv10.o)
    0x080009b6   0x000000b2   Code   RO         3513    .text               c_w.l(_printf_intcommon.o)
    0x08000a68   0x0000041a   Code   RO         3515    .text               c_w.l(_printf_fp_dec.o)
    0x08000e82   0x00000002   PAD
    0x08000e84   0x000002fc   Code   RO         3517    .text               c_w.l(_printf_fp_hex.o)
    0x08001180   0x0000002c   Code   RO         3522    .text               c_w.l(_printf_wchar.o)
    0x080011ac   0x00000040   Code   RO         3524    .text               c_w.l(_wcrtomb.o)
    0x080011ec   0x0000004a   Code   RO         3526    .text               c_w.l(sys_stackheap_outer.o)
    0x08001236   0x00000002   PAD
    0x08001238   0x00000010   Code   RO         3528    .text               c_w.l(rt_ctype_table.o)
    0x08001248   0x00000008   Code   RO         3533    .text               c_w.l(rt_locale_intlibspace.o)
    0x08001250   0x00000080   Code   RO         3535    .text               c_w.l(_printf_fp_infnan.o)
    0x080012d0   0x000000dc   Code   RO         3537    .text               c_w.l(bigflt0.o)
    0x080013ac   0x0000000c   Code   RO         3565    .text               c_w.l(exit.o)
    0x080013b8   0x00000008   Code   RO         3578    .text               c_w.l(libspace.o)
    0x080013c0   0x00000080   Code   RO         3586    .text               c_w.l(strcmpv7m.o)
    0x08001440   0x0000003e   Code   RO         3540    CL$$btod_d2e        c_w.l(btod.o)
    0x0800147e   0x00000046   Code   RO         3542    CL$$btod_d2e_denorm_low  c_w.l(btod.o)
    0x080014c4   0x00000060   Code   RO         3541    CL$$btod_d2e_norm_op1  c_w.l(btod.o)
    0x08001524   0x00000338   Code   RO         3550    CL$$btod_div_common  c_w.l(btod.o)
    0x0800185c   0x000000c6   Code   RO         3547    CL$$btod_e2e        c_w.l(btod.o)
    0x08001922   0x00000028   Code   RO         3544    CL$$btod_ediv       c_w.l(btod.o)
    0x0800194a   0x00000028   Code   RO         3543    CL$$btod_emul       c_w.l(btod.o)
    0x08001972   0x00000244   Code   RO         3549    CL$$btod_mult_common  c_w.l(btod.o)
    0x08001bb6   0x00000004   Code   RO          250    i.BusFault_Handler  stm32f1xx_it.o
    0x08001bba   0x00000002   Code   RO          251    i.DebugMon_Handler  stm32f1xx_it.o
    0x08001bbc   0x00000028   Code   RO         2712    i.FLASH_MassErase   stm32f1xx_hal_flash_ex.o
    0x08001be4   0x00000028   Code   RO         2721    i.FLASH_PageErase   stm32f1xx_hal_flash_ex.o
    0x08001c0c   0x00000020   Code   RO         2609    i.FLASH_Program_HalfWord  stm32f1xx_hal_flash.o
    0x08001c2c   0x00000084   Code   RO         2610    i.FLASH_SetErrorCode  stm32f1xx_hal_flash.o
    0x08001cb0   0x00000070   Code   RO         2611    i.FLASH_WaitForLastOperation  stm32f1xx_hal_flash.o
    0x08001d20   0x000001a8   Code   RO          660    i.HAL_DMA_Abort_IT  stm32f1xx_hal_dma.o
    0x08001ec8   0x000000b0   Code   RO         2722    i.HAL_FLASHEx_Erase  stm32f1xx_hal_flash_ex.o
    0x08001f78   0x00000014   Code   RO         2615    i.HAL_FLASH_Lock    stm32f1xx_hal_flash.o
    0x08001f8c   0x000000b0   Code   RO         2620    i.HAL_FLASH_Program  stm32f1xx_hal_flash.o
    0x0800203c   0x00000030   Code   RO         2622    i.HAL_FLASH_Unlock  stm32f1xx_hal_flash.o
    0x0800206c   0x00000340   Code   RO          756    i.HAL_GPIO_Init     stm32f1xx_hal_gpio.o
    0x080023ac   0x00000010   Code   RO          758    i.HAL_GPIO_ReadPin  stm32f1xx_hal_gpio.o
    0x080023bc   0x00000014   Code   RO          759    i.HAL_GPIO_TogglePin  stm32f1xx_hal_gpio.o
    0x080023d0   0x0000000c   Code   RO          760    i.HAL_GPIO_WritePin  stm32f1xx_hal_gpio.o
    0x080023dc   0x0000000c   Code   RO          373    i.HAL_GetTick       stm32f1xx_hal.o
    0x080023e8   0x00000050   Code   RO         1595    i.HAL_IWDG_Init     stm32f1xx_hal_iwdg.o
    0x08002438   0x0000000e   Code   RO         1596    i.HAL_IWDG_Refresh  stm32f1xx_hal_iwdg.o
    0x08002446   0x00000002   PAD
    0x08002448   0x00000018   Code   RO          379    i.HAL_IncTick       stm32f1xx_hal.o
    0x08002460   0x00000028   Code   RO          380    i.HAL_Init          stm32f1xx_hal.o
    0x08002488   0x0000004c   Code   RO          381    i.HAL_InitTick      stm32f1xx_hal.o
    0x080024d4   0x00000002   Code   RO          383    i.HAL_MspInit       stm32f1xx_hal.o
    0x080024d6   0x00000020   Code   RO          538    i.HAL_NVIC_EnableIRQ  stm32f1xx_hal_cortex.o
    0x080024f6   0x0000007c   Code   RO          544    i.HAL_NVIC_SetPriority  stm32f1xx_hal_cortex.o
    0x08002572   0x00000002   PAD
    0x08002574   0x00000028   Code   RO          545    i.HAL_NVIC_SetPriorityGrouping  stm32f1xx_hal_cortex.o
    0x0800259c   0x0000018c   Code   RO          856    i.HAL_RCC_ClockConfig  stm32f1xx_hal_rcc.o
    0x08002728   0x0000000c   Code   RO          861    i.HAL_RCC_GetHCLKFreq  stm32f1xx_hal_rcc.o
    0x08002734   0x00000020   Code   RO          863    i.HAL_RCC_GetPCLK1Freq  stm32f1xx_hal_rcc.o
    0x08002754   0x00000020   Code   RO          864    i.HAL_RCC_GetPCLK2Freq  stm32f1xx_hal_rcc.o
    0x08002774   0x00000094   Code   RO          865    i.HAL_RCC_GetSysClockFreq  stm32f1xx_hal_rcc.o
    0x08002808   0x00000464   Code   RO          868    i.HAL_RCC_OscConfig  stm32f1xx_hal_rcc.o
    0x08002c6c   0x00000034   Code   RO          549    i.HAL_SYSTICK_Config  stm32f1xx_hal_cortex.o
    0x08002ca0   0x00000066   Code   RO         1627    i.HAL_TIM_Base_Init  stm32f1xx_hal_tim.o
    0x08002d06   0x00000002   Code   RO         1629    i.HAL_TIM_Base_MspInit  stm32f1xx_hal_tim.o
    0x08002d08   0x00000090   Code   RO         1632    i.HAL_TIM_Base_Start_IT  stm32f1xx_hal_tim.o
    0x08002d98   0x00000002   Code   RO         1019    i.HAL_UART_ErrorCallback  stm32f1xx_hal_uart.o
    0x08002d9a   0x00000002   PAD
    0x08002d9c   0x00000154   Code   RO         1022    i.HAL_UART_IRQHandler  stm32f1xx_hal_uart.o
    0x08002ef0   0x00000072   Code   RO         1023    i.HAL_UART_Init     stm32f1xx_hal_uart.o
    0x08002f62   0x00000002   PAD
    0x08002f64   0x000000b4   Code   RO         2935    i.HAL_UART_MspInit  usart.o
    0x08003018   0x00000070   Code   RO         1028    i.HAL_UART_Receive_IT  stm32f1xx_hal_uart.o
    0x08003088   0x00000088   Code   RO         2936    i.HAL_UART_RxCpltCallback  usart.o
    0x08003110   0x000000d2   Code   RO         1031    i.HAL_UART_Transmit  stm32f1xx_hal_uart.o
    0x080031e2   0x00000002   Code   RO         1034    i.HAL_UART_TxCpltCallback  stm32f1xx_hal_uart.o
    0x080031e4   0x00000004   Code   RO          252    i.HardFault_Handler  stm32f1xx_it.o
    0x080031e8   0x00000004   Code   RO          253    i.MemManage_Handler  stm32f1xx_it.o
    0x080031ec   0x00000002   Code   RO          254    i.NMI_Handler       stm32f1xx_it.o
    0x080031ee   0x00000002   Code   RO          255    i.PendSV_Handler    stm32f1xx_it.o
    0x080031f0   0x00000028   Code   RO          869    i.RCC_Delay         stm32f1xx_hal_rcc.o
    0x08003218   0x00000002   Code   RO          256    i.SVC_Handler       stm32f1xx_it.o
    0x0800321a   0x00000008   Code   RO          257    i.SysTick_Handler   stm32f1xx_it.o
    0x08003222   0x00000002   PAD
    0x08003224   0x0000009c   Code   RO         3094    i.TIM2_IRQHandler   gtim.o
    0x080032c0   0x0000009c   Code   RO         1720    i.TIM_Base_SetConfig  stm32f1xx_hal_tim.o
    0x0800335c   0x00000148   Code   RO         3036    i.Trigger_init      trigger.o
    0x080034a4   0x00000014   Code   RO         1036    i.UART_DMAAbortOnError  stm32f1xx_hal_uart.o
    0x080034b8   0x00000020   Code   RO         1046    i.UART_EndRxTransfer  stm32f1xx_hal_uart.o
    0x080034d8   0x00000020   Code   RO         1047    i.UART_EndTransmit_IT  stm32f1xx_hal_uart.o
    0x080034f8   0x000000a0   Code   RO         1049    i.UART_Receive_IT   stm32f1xx_hal_uart.o
    0x08003598   0x000000fc   Code   RO         1050    i.UART_SetConfig    stm32f1xx_hal_uart.o
    0x08003694   0x00000060   Code   RO         1051    i.UART_Transmit_IT  stm32f1xx_hal_uart.o
    0x080036f4   0x0000006c   Code   RO         1052    i.UART_WaitOnFlagUntilTimeout  stm32f1xx_hal_uart.o
    0x08003760   0x00000024   Code   RO         2937    i.USART1_IRQHandler  usart.o
    0x08003784   0x00000004   Code   RO          258    i.UsageFault_Handler  stm32f1xx_it.o
    0x08003788   0x00000028   Code   RO         3576    i.__ARM_fpclassify  m_ws.l(fpclassify.o)
    0x080037b0   0x00000010   Code   RO          551    i.__NVIC_GetPriorityGrouping  stm32f1xx_hal_cortex.o
    0x080037c0   0x00000028   Code   RO          552    i.__NVIC_SetPriority  stm32f1xx_hal_cortex.o
    0x080037e8   0x0000000e   Code   RO         3395    i._is_digit         c_w.l(__printf_wp.o)
    0x080037f6   0x00000004   Code   RO         2939    i._sys_exit         usart.o
    0x080037fa   0x0000001e   Code   RO         3130    i.atk_mw8266d_check_act  atk_mw8266d.o
    0x08003818   0x00000058   Code   RO         3131    i.atk_mw8266d_connect_atkcld  atk_mw8266d.o
    0x08003870   0x00000030   Code   RO         3133    i.atk_mw8266d_disconnect_atkcld  atk_mw8266d.o
    0x080038a0   0x00000048   Code   RO         3137    i.atk_mw8266d_hw_init  atk_mw8266d.o
    0x080038e8   0x00000034   Code   RO         3138    i.atk_mw8266d_hw_reset  atk_mw8266d.o
    0x0800391c   0x00000058   Code   RO         3142    i.atk_mw8266d_send_at_cmd  atk_mw8266d.o
    0x08003974   0x0000004c   Code   RO         3263    i.atk_mw8266d_uart_printf  atk_mw8266d_uart.o
    0x080039c0   0x00000028   Code   RO         3264    i.atk_mw8266d_uart_rx_get_frame  atk_mw8266d_uart.o
    0x080039e8   0x0000000c   Code   RO         3266    i.atk_mw8266d_uart_rx_restart  atk_mw8266d_uart.o
    0x080039f4   0x000000b4   Code   RO         3146    i.connect_atkcld    atk_mw8266d.o
    0x08003aa8   0x0000000c   Code   RO         2892    i.delay_init        delay.o
    0x08003ab4   0x00000012   Code   RO         2893    i.delay_ms          delay.o
    0x08003ac6   0x00000002   PAD
    0x08003ac8   0x00000048   Code   RO         2894    i.delay_us          delay.o
    0x08003b10   0x0000005c   Code   RO         3095    i.gtim_timx_init    gtim.o
    0x08003b6c   0x00000010   Code   RO         3061    i.iwdg_feed         iwdg.o
    0x08003b7c   0x00000020   Code   RO         3062    i.iwdg_init         iwdg.o
    0x08003b9c   0x00000090   Code   RO         3012    i.led_init          led.o
    0x08003c2c   0x00000a58   Code   RO           13    i.main              main.o
    0x08004684   0x00000022   Code   RO         3314    i.stmflash_read     stmflash.o
    0x080046a6   0x00000006   Code   RO         3315    i.stmflash_read_halfword  stmflash.o
    0x080046ac   0x000000f8   Code   RO         3316    i.stmflash_write    stmflash.o
    0x080047a4   0x0000002c   Code   RO         3317    i.stmflash_write_nocheck  stmflash.o
    0x080047d0   0x00000066   Code   RO         2824    i.sys_stm32_clock_init  sys.o
    0x08004836   0x00000002   PAD
    0x08004838   0x00000038   Code   RO         2942    i.usart_init        usart.o
    0x08004870   0x0000002c   Code   RO         3563    locale$$code        c_w.l(lc_numeric_c.o)
    0x0800489c   0x0000002c   Code   RO         3584    locale$$code        c_w.l(lc_ctype_c.o)
    0x080048c8   0x00000004   Code   RO         3488    x$fpl$printf1       fz_ws.l(printf1.o)
    0x080048cc   0x00000004   Code   RO         3490    x$fpl$printf2       fz_ws.l(printf2.o)
    0x080048d0   0x00000000   Code   RO         3575    x$fpl$usenofp       fz_ws.l(usenofp.o)
    0x080048d0   0x00000018   Data   RO          327    .constdata          system_stm32f1xx.o
    0x080048e8   0x00000011   Data   RO         3403    .constdata          c_w.l(__printf_flags_ss_wp.o)
    0x080048f9   0x00000003   PAD
    0x080048fc   0x00000008   Data   RO         3435    .constdata          c_w.l(_printf_wctomb.o)
    0x08004904   0x00000028   Data   RO         3464    .constdata          c_w.l(_printf_hex_int_ll_ptr.o)
    0x0800492c   0x00000026   Data   RO         3518    .constdata          c_w.l(_printf_fp_hex.o)
    0x08004952   0x00000002   PAD
    0x08004954   0x00000094   Data   RO         3538    .constdata          c_w.l(bigflt0.o)
    0x080049e8   0x00000020   Data   RO         3700    Region$$Table       anon$$obj.o
    0x08004a08   0x0000001c   Data   RO         3562    locale$$data        c_w.l(lc_numeric_c.o)
    0x08004a24   0x00000110   Data   RO         3583    locale$$data        c_w.l(lc_ctype_c.o)


    Execution Region RW_IRAM1 (Base: 0x20000000, Size: 0x00000a48, Max: 0x00005000, ABSOLUTE)

    Base Addr    Size         Type   Attr      Idx    E Section Name        Object

    0x20000000   0x0000000a   Data   RW           14    .data               main.o
    0x2000000a   0x00000002   PAD
    0x2000000c   0x00000004   Data   RW          328    .data               system_stm32f1xx.o
    0x20000010   0x00000009   Data   RW          387    .data               stm32f1xx_hal.o
    0x20000019   0x00000003   PAD
    0x2000001c   0x00000004   Data   RW         2895    .data               delay.o
    0x20000020   0x00000007   Data   RW         2944    .data               usart.o
    0x20000027   0x00000001   PAD
    0x20000028   0x00000020   Zero   RW         2623    .bss                stm32f1xx_hal_flash.o
    0x20000048   0x00000108   Zero   RW         2943    .bss                usart.o
    0x20000150   0x0000000c   Zero   RW         3063    .bss                iwdg.o
    0x2000015c   0x00000048   Zero   RW         3096    .bss                gtim.o
    0x200001a4   0x00000040   Zero   RW         3267    .bss                atk_mw8266d_uart.o
    0x200001e4   0x00000400   Zero   RW         3319    .bss                stmflash.o
    0x200005e4   0x00000060   Zero   RW         3579    .bss                c_w.l(libspace.o)
    0x20000644   0x00000004   PAD
    0x20000648   0x00000000   Zero   RW            2    HEAP                startup_stm32f103xb.o
    0x20000648   0x00000400   Zero   RW            1    STACK               startup_stm32f103xb.o


==============================================================================

Image component sizes


      Code (inc. data)   RO Data    RW Data    ZI Data      Debug   Object Name

       558        128          0          0          0       5185   atk_mw8266d.o
       128         22          0          0         64       3068   atk_mw8266d_uart.o
       102         10          0          4          0       1859   delay.o
       248         34          0          0         72       1992   gtim.o
        48         14          0          0         12       1254   iwdg.o
       144         10          0          0          0        899   led.o
      2648        454          0         10          0     494984   main.o
        52         18        236          0       1024        932   startup_stm32f103xb.o
       154         32          0          9          0       6459   stm32f1xx_hal.o
       304         22          0          0          0      29471   stm32f1xx_hal_cortex.o
       424         10          0          0          0       1251   stm32f1xx_hal_dma.o
       520         48          0          0         32       4230   stm32f1xx_hal_flash.o
       256         26          0          0          0       2595   stm32f1xx_hal_flash_ex.o
       880         40          0          0          0       3996   stm32f1xx_hal_gpio.o
        94          0          0          0          0       1759   stm32f1xx_hal_iwdg.o
      1784        110          0          0          0       6096   stm32f1xx_hal_rcc.o
       404         44          0          0          0       3156   stm32f1xx_hal_tim.o
      1480         10          0          0          0       9595   stm32f1xx_hal_uart.o
        32          0          0          0          0       3990   stm32f1xx_it.o
       332          6          0          0       1024       3584   stmflash.o
       102          0          0          0          0        711   sys.o
         0          0         24          4          0        842   system_stm32f1xx.o
       328         12          0          0          0       1142   trigger.o
       412         50          0          7        264       4901   usart.o

    ----------------------------------------------------------------------
     11448       1100        292         40       2492     593951   Object Totals
         0          0         32          0          0          0   (incl. Generated)
        14          0          0          6          0          0   (incl. Padding)

    ----------------------------------------------------------------------

      Code (inc. data)   RO Data    RW Data    ZI Data      Debug   Library Member Name

        44          6          0          0          0         84   __2sprintf.o
         8          0          0          0          0         68   __main.o
       392          4         17          0          0         92   __printf_flags_ss_wp.o
        14          0          0          0          0         68   __printf_wp.o
         0          0          0          0          0          0   __rtentry.o
        12          0          0          0          0          0   __rtentry2.o
         6          0          0          0          0          0   __rtentry4.o
        52          8          0          0          0          0   __scatter.o
        26          0          0          0          0          0   __scatter_copy.o
        28          0          0          0          0          0   __scatter_zi.o
         6          0          0          0          0          0   _printf_a.o
         6          0          0          0          0          0   _printf_c.o
        44          0          0          0          0        108   _printf_char.o
        48          6          0          0          0         96   _printf_char_common.o
        40          0          0          0          0         68   _printf_charcount.o
         6          0          0          0          0          0   _printf_d.o
       120         16          0          0          0         92   _printf_dec.o
         6          0          0          0          0          0   _printf_e.o
         6          0          0          0          0          0   _printf_f.o
      1050          0          0          0          0        216   _printf_fp_dec.o
       764         10         38          0          0        100   _printf_fp_hex.o
       128         16          0          0          0         84   _printf_fp_infnan.o
         6          0          0          0          0          0   _printf_g.o
       148          4         40          0          0        160   _printf_hex_int_ll_ptr.o
         6          0          0          0          0          0   _printf_i.o
       178          0          0          0          0         88   _printf_intcommon.o
        10          0          0          0          0          0   _printf_l.o
         6          0          0          0          0          0   _printf_lc.o
        10          0          0          0          0          0   _printf_ll.o
         6          0          0          0          0          0   _printf_lld.o
         6          0          0          0          0          0   _printf_lli.o
         6          0          0          0          0          0   _printf_llo.o
         6          0          0          0          0          0   _printf_llu.o
         6          0          0          0          0          0   _printf_llx.o
       124         16          0          0          0         92   _printf_longlong_dec.o
         6          0          0          0          0          0   _printf_ls.o
         6          0          0          0          0          0   _printf_n.o
         6          0          0          0          0          0   _printf_o.o
       112          8          0          0          0        124   _printf_oct_int_ll.o
         6          0          0          0          0          0   _printf_p.o
        78          0          0          0          0        108   _printf_pad.o
         0          0          0          0          0          0   _printf_percent.o
         4          0          0          0          0          0   _printf_percent_end.o
         6          0          0          0          0          0   _printf_s.o
        82          0          0          0          0         80   _printf_str.o
        36          0          0          0          0         84   _printf_truncate.o
         6          0          0          0          0          0   _printf_u.o
        44          0          0          0          0        108   _printf_wchar.o
       188          6          8          0          0         92   _printf_wctomb.o
         6          0          0          0          0          0   _printf_x.o
        10          0          0          0          0         68   _sputc.o
        64          0          0          0          0         92   _wcrtomb.o
       220          4        148          0          0         96   bigflt0.o
      1910        128          0          0          0        672   btod.o
        12          0          0          0          0         72   exit.o
         6          0          0          0          0        152   heapauxi.o
        44         10        272          0          0         76   lc_ctype_c.o
        44         10         28          0          0         76   lc_numeric_c.o
         2          0          0          0          0          0   libinit.o
        30          0          0          0          0          0   libinit2.o
         2          0          0          0          0          0   libshutdown.o
         2          0          0          0          0          0   libshutdown2.o
         8          4          0          0         96         68   libspace.o
       138          0          0          0          0         80   lludiv10.o
        38          0          0          0          0         68   llushr.o
        16          4          0          0          0         76   rt_ctype_table.o
         8          4          0          0          0         68   rt_locale_intlibspace.o
        78          0          0          0          0         80   rt_memclr_w.o
         2          0          0          0          0          0   rtexit.o
        10          0          0          0          0          0   rtexit2.o
       128          0          0          0          0         68   strcmpv7m.o
        62          0          0          0          0         76   strlen.o
        36          0          0          0          0         80   strstr.o
        74          0          0          0          0         80   sys_stackheap_outer.o
         2          0          0          0          0         68   use_no_semi.o
         2          0          0          0          0         68   use_no_semi_2.o
        36          4          0          0          0         76   vsprintf.o
         4          0          0          0          0         68   printf1.o
         4          0          0          0          0         68   printf2.o
         0          0          0          0          0          0   usenofp.o
        40          0          0          0          0         68   fpclassify.o

    ----------------------------------------------------------------------
      6956        268        556          0        100       4476   Library Totals
        14          0          5          0          4          0   (incl. Padding)

    ----------------------------------------------------------------------

      Code (inc. data)   RO Data    RW Data    ZI Data      Debug   Library Name

      6894        268        551          0         96       4272   c_w.l
         8          0          0          0          0        136   fz_ws.l
        40          0          0          0          0         68   m_ws.l

    ----------------------------------------------------------------------
      6956        268        556          0        100       4476   Library Totals

    ----------------------------------------------------------------------

==============================================================================


      Code (inc. data)   RO Data    RW Data    ZI Data      Debug   

     18404       1368        848         40       2592     591507   Grand Totals
     18404       1368        848         40       2592     591507   ELF Image Totals
     18404       1368        848         40          0          0   ROM Totals

==============================================================================

    Total RO  Size (Code + RO Data)                19252 (  18.80kB)
    Total RW  Size (RW Data + ZI Data)              2632 (   2.57kB)
    Total ROM Size (Code + RO Data + RW Data)      19292 (  18.84kB)

==============================================================================

